[2026-07-27T23:33:53.773Z] OPTIONS /api/v1/comunidad/foros
[2026-07-27T23:33:53.783Z] OPTIONS /api/v1/comunidad/articulos
[2026-07-27T23:33:53.785Z] OPTIONS /api/v1/comunidad/foros
[2026-07-27T23:33:53.787Z] OPTIONS /api/v1/comunidad/articulos
[2026-07-27T23:33:53.789Z] GET /api/v1/comunidad/foros
[2026-07-27T23:33:53.796Z] GET /api/v1/comunidad/articulos
[2026-07-27T23:33:53.839Z] GET /api/v1/comunidad/articulos
[2026-07-27T23:33:53.842Z] GET /api/v1/comunidad/foros
[2026-07-27T23:33:56.068Z] OPTIONS /api/v1/comunidad/foros/fd0238b1-9471-46b9-9515-1c51979280ff/like
[2026-07-27T23:33:56.071Z] POST /api/v1/comunidad/foros/fd0238b1-9471-46b9-9515-1c51979280ff/like
[2026-07-27T23:33:56.105Z] GET /api/v1/comunidad/foros
[2026-07-27T23:33:56.106Z] GET /api/v1/comunidad/articulos
[2026-07-27T23:33:56.716Z] POST /api/v1/comunidad/foros/fd0238b1-9471-46b9-9515-1c51979280ff/like
[2026-07-27T23:33:56.735Z] GET /api/v1/comunidad/foros
[2026-07-27T23:33:56.737Z] GET /api/v1/comunidad/articulos
[2026-07-27T23:35:07.815Z] OPTIONS /api/auth/login
[2026-07-27T23:35:07.817Z] POST /api/auth/login
[2026-07-27T23:35:08.091Z] OPTIONS /api/profiles/babies
[2026-07-27T23:35:08.092Z] OPTIONS /api/v1/directorio/previsiones
[2026-07-27T23:35:08.094Z] OPTIONS /api/profiles/babies
[2026-07-27T23:35:08.096Z] OPTIONS /api/v1/directorio/previsiones
[2026-07-27T23:35:08.098Z] GET /api/profiles/babies
[2026-07-27T23:35:08.101Z] GET /api/v1/directorio/previsiones
[2026-07-27T23:35:08.106Z] GET /api/profiles/babies
[2026-07-27T23:35:08.123Z] GET /api/v1/directorio/previsiones
[2026-07-27T23:35:08.786Z] OPTIONS /api/v1/home/c3e99743-0538-4d25-8f9a-ad62792d81e3
[2026-07-27T23:35:08.788Z] OPTIONS /api/v1/home/c3e99743-0538-4d25-8f9a-ad62792d81e3
[2026-07-27T23:35:08.790Z] GET /api/v1/home/c3e99743-0538-4d25-8f9a-ad62792d81e3
[2026-07-27T23:35:08.810Z] GET /api/v1/home/c3e99743-0538-4d25-8f9a-ad62792d81e3
[2026-07-27T23:35:14.838Z] OPTIONS /api/v1/comunidad/foros
[2026-07-27T23:35:14.840Z] OPTIONS /api/v1/comunidad/articulos
[2026-07-27T23:35:14.843Z] OPTIONS /api/v1/comunidad/foros
[2026-07-27T23:35:14.845Z] OPTIONS /api/v1/comunidad/articulos
[2026-07-27T23:35:14.847Z] GET /api/v1/comunidad/foros
[2026-07-27T23:35:14.849Z] GET /api/v1/comunidad/articulos
[2026-07-27T23:35:14.853Z] GET /api/v1/comunidad/foros
[2026-07-27T23:35:14.856Z] GET /api/v1/comunidad/articulos
[2026-07-27T23:35:15.922Z] OPTIONS /api/v1/comunidad/foros/fd0238b1-9471-46b9-9515-1c51979280ff/like
[2026-07-27T23:35:15.925Z] POST /api/v1/comunidad/foros/fd0238b1-9471-46b9-9515-1c51979280ff/like
[2026-07-27T23:35:15.941Z] GET /api/v1/comunidad/foros
[2026-07-27T23:35:15.942Z] GET /api/v1/comunidad/articulos
[2026-07-27T23:35:16.083Z] POST /api/v1/comunidad/foros/fd0238b1-9471-46b9-9515-1c51979280ff/like
[2026-07-27T23:35:16.099Z] GET /api/v1/comunidad/foros
[2026-07-27T23:35:16.100Z] GET /api/v1/comunidad/articulos
[2026-07-27T23:35:53.486Z] OPTIONS /api/v1/comunidad/foros
[2026-07-27T23:35:53.488Z] OPTIONS /api/v1/comunidad/articulos
[2026-07-27T23:35:53.490Z] OPTIONS /api/v1/comunidad/foros
[2026-07-27T23:35:53.492Z] OPTIONS /api/v1/comunidad/articulos
[2026-07-27T23:35:53.494Z] GET /api/v1/comunidad/foros
[2026-07-27T23:35:53.496Z] GET /api/v1/comunidad/articulos
[2026-07-27T23:35:53.530Z] GET /api/v1/comunidad/foros
[2026-07-27T23:35:53.536Z] GET /api/v1/comunidad/articulos
[2026-07-27T23:35:54.588Z] OPTIONS /api/v1/comunidad/foros/fd0238b1-9471-46b9-9515-1c51979280ff/like
[2026-07-27T23:35:54.591Z] POST /api/v1/comunidad/foros/fd0238b1-9471-46b9-9515-1c51979280ff/like
[2026-07-27T23:35:54.608Z] GET /api/v1/comunidad/foros
[2026-07-27T23:35:54.609Z] GET /api/v1/comunidad/articulos
[2026-07-27T23:35:55.052Z] POST /api/v1/comunidad/foros/fd0238b1-9471-46b9-9515-1c51979280ff/like
[2026-07-27T23:35:55.066Z] GET /api/v1/comunidad/foros
[2026-07-27T23:35:55.067Z] GET /api/v1/comunidad/articulos
[2026-07-27T23:36:38.068Z] POST /api/v1/comunidad/foros/55edb43f-084a-4549-ad40-aced9614d8de/like
[2026-07-27T23:36:38.105Z] GET /api/v1/comunidad/foros/55edb43f-084a-4549-ad40-aced9614d8de
[2026-07-27T23:36:38.117Z] POST /api/v1/comunidad/foros/55edb43f-084a-4549-ad40-aced9614d8de/like
[2026-07-27T23:36:38.130Z] GET /api/v1/comunidad/foros/55edb43f-084a-4549-ad40-aced9614d8de
[2026-07-27T23:38:28.204Z] OPTIONS /api/v1/comunidad/foros
[2026-07-27T23:38:28.206Z] OPTIONS /api/v1/comunidad/articulos
[2026-07-27T23:38:28.208Z] OPTIONS /api/v1/comunidad/foros
[2026-07-27T23:38:28.210Z] OPTIONS /api/v1/comunidad/articulos
[2026-07-27T23:38:28.211Z] GET /api/v1/comunidad/foros
[2026-07-27T23:38:28.214Z] GET /api/v1/comunidad/articulos
[2026-07-27T23:38:28.241Z] GET /api/v1/comunidad/foros
[2026-07-27T23:38:28.246Z] GET /api/v1/comunidad/articulos
[2026-07-27T23:38:33.279Z] OPTIONS /api/v1/comunidad/foros
[2026-07-27T23:38:33.282Z] OPTIONS /api/v1/comunidad/articulos
[2026-07-27T23:38:33.284Z] OPTIONS /api/v1/comunidad/foros
[2026-07-27T23:38:33.286Z] OPTIONS /api/v1/comunidad/articulos
[2026-07-27T23:38:33.288Z] GET /api/v1/comunidad/foros
[2026-07-27T23:38:33.290Z] GET /api/v1/comunidad/articulos
[2026-07-27T23:38:33.300Z] GET /api/v1/comunidad/articulos
[2026-07-27T23:38:33.302Z] GET /api/v1/comunidad/foros
[2026-07-27T23:38:34.314Z] OPTIONS /api/v1/comunidad/foros/fd0238b1-9471-46b9-9515-1c51979280ff/like
[2026-07-27T23:38:34.316Z] POST /api/v1/comunidad/foros/fd0238b1-9471-46b9-9515-1c51979280ff/like
[2026-07-27T23:38:34.330Z] GET /api/v1/comunidad/foros
[2026-07-27T23:38:34.331Z] GET /api/v1/comunidad/articulos
[2026-07-27T23:38:35.862Z] GET /api/v1/comunidad/foros
[2026-07-27T23:38:35.865Z] GET /api/v1/comunidad/articulos
[2026-07-27T23:38:35.870Z] GET /api/v1/comunidad/foros
[2026-07-27T23:38:35.874Z] GET /api/v1/comunidad/articulos
[2026-07-27T23:38:38.122Z] OPTIONS /api/v1/comunidad/foros
[2026-07-27T23:38:38.124Z] OPTIONS /api/v1/comunidad/articulos
[2026-07-27T23:38:38.128Z] OPTIONS /api/v1/comunidad/foros
[2026-07-27T23:38:38.130Z] OPTIONS /api/v1/comunidad/articulos
[2026-07-27T23:38:38.131Z] GET /api/v1/comunidad/foros
[2026-07-27T23:38:38.133Z] GET /api/v1/comunidad/articulos
[2026-07-27T23:38:38.136Z] GET /api/v1/comunidad/foros
[2026-07-27T23:38:38.137Z] GET /api/v1/comunidad/articulos
[2026-07-27T23:38:40.594Z] OPTIONS /api/v1/comunidad/foros/fd0238b1-9471-46b9-9515-1c51979280ff/like
[2026-07-27T23:38:40.596Z] POST /api/v1/comunidad/foros/fd0238b1-9471-46b9-9515-1c51979280ff/like
[2026-07-27T23:38:40.611Z] GET /api/v1/comunidad/foros
[2026-07-27T23:38:40.612Z] GET /api/v1/comunidad/articulos
[2026-07-27T23:39:05.028Z] OPTIONS /api/auth/login
[2026-07-27T23:39:05.031Z] POST /api/auth/login
[2026-07-27T23:39:05.310Z] OPTIONS /api/profiles/babies
[2026-07-27T23:39:05.312Z] OPTIONS /api/v1/directorio/previsiones
[2026-07-27T23:39:05.314Z] OPTIONS /api/profiles/babies
[2026-07-27T23:39:05.316Z] GET /api/profiles/babies
[2026-07-27T23:39:05.319Z] OPTIONS /api/v1/directorio/previsiones
[2026-07-27T23:39:05.320Z] GET /api/v1/directorio/previsiones
[2026-07-27T23:39:05.327Z] GET /api/profiles/babies
[2026-07-27T23:39:05.348Z] GET /api/v1/directorio/previsiones
[2026-07-27T23:39:07.268Z] OPTIONS /api/v1/home/f69ada2a-545a-4839-9d1b-97577dc1b9b3
[2026-07-27T23:39:07.271Z] OPTIONS /api/v1/home/f69ada2a-545a-4839-9d1b-97577dc1b9b3
[2026-07-27T23:39:07.275Z] GET /api/v1/home/f69ada2a-545a-4839-9d1b-97577dc1b9b3
[2026-07-27T23:39:07.295Z] GET /api/v1/home/f69ada2a-545a-4839-9d1b-97577dc1b9b3
[2026-07-27T23:39:10.253Z] OPTIONS /api/v1/comunidad/foros
[2026-07-27T23:39:10.255Z] OPTIONS /api/v1/comunidad/articulos
[2026-07-27T23:39:10.258Z] OPTIONS /api/v1/comunidad/foros
[2026-07-27T23:39:10.260Z] OPTIONS /api/v1/comunidad/articulos
[2026-07-27T23:39:10.261Z] GET /api/v1/comunidad/foros
[2026-07-27T23:39:10.263Z] GET /api/v1/comunidad/articulos
[2026-07-27T23:39:10.268Z] GET /api/v1/comunidad/foros
[2026-07-27T23:39:10.271Z] GET /api/v1/comunidad/articulos
[2026-07-27T23:39:11.577Z] OPTIONS /api/v1/comunidad/foros/fd0238b1-9471-46b9-9515-1c51979280ff/like
[2026-07-27T23:39:11.579Z] POST /api/v1/comunidad/foros/fd0238b1-9471-46b9-9515-1c51979280ff/like
[2026-07-27T23:39:11.596Z] GET /api/v1/comunidad/foros
[2026-07-27T23:39:11.597Z] GET /api/v1/comunidad/articulos
[2026-07-27T23:39:13.991Z] OPTIONS /api/v1/comunidad/foros
[2026-07-27T23:39:13.992Z] OPTIONS /api/v1/comunidad/articulos
[2026-07-27T23:39:13.994Z] OPTIONS /api/v1/comunidad/foros
[2026-07-27T23:39:13.995Z] OPTIONS /api/v1/comunidad/articulos
[2026-07-27T23:39:13.997Z] GET /api/v1/comunidad/foros
[2026-07-27T23:39:13.999Z] GET /api/v1/comunidad/articulos
[2026-07-27T23:39:14.003Z] GET /api/v1/comunidad/foros
[2026-07-27T23:39:14.007Z] GET /api/v1/comunidad/articulos
[2026-07-27T23:39:15.472Z] OPTIONS /api/v1/comunidad/foros/fd0238b1-9471-46b9-9515-1c51979280ff/like
[2026-07-27T23:39:15.475Z] POST /api/v1/comunidad/foros/fd0238b1-9471-46b9-9515-1c51979280ff/like
[2026-07-27T23:39:15.488Z] GET /api/v1/comunidad/foros
[2026-07-27T23:39:15.490Z] GET /api/v1/comunidad/articulos
[2026-07-27T23:39:17.050Z] OPTIONS /api/v1/comunidad/foros
[2026-07-27T23:39:17.052Z] OPTIONS /api/v1/comunidad/articulos
[2026-07-27T23:39:17.055Z] OPTIONS /api/v1/comunidad/foros
[2026-07-27T23:39:17.058Z] OPTIONS /api/v1/comunidad/articulos
[2026-07-27T23:39:17.063Z] GET /api/v1/comunidad/foros
[2026-07-27T23:39:17.065Z] GET /api/v1/comunidad/articulos
[2026-07-27T23:39:17.070Z] GET /api/v1/comunidad/foros
[2026-07-27T23:39:17.074Z] GET /api/v1/comunidad/articulos
[2026-07-27T23:39:21.049Z] OPTIONS /api/v1/comunidad/foros/55edb43f-084a-4549-ad40-aced9614d8de/like
[2026-07-27T23:39:21.051Z] POST /api/v1/comunidad/foros/55edb43f-084a-4549-ad40-aced9614d8de/like
[2026-07-27T23:39:21.067Z] GET /api/v1/comunidad/foros
[2026-07-27T23:39:21.068Z] GET /api/v1/comunidad/articulos
[2026-07-27T23:39:21.578Z] POST /api/v1/comunidad/foros/55edb43f-084a-4549-ad40-aced9614d8de/like
[2026-07-27T23:39:21.591Z] GET /api/v1/comunidad/foros
[2026-07-27T23:39:21.593Z] GET /api/v1/comunidad/articulos
[2026-07-27T23:43:31.167Z] OPTIONS /api/v1/comunidad/foros
[2026-07-27T23:43:31.174Z] OPTIONS /api/v1/comunidad/articulos
[2026-07-27T23:43:31.175Z] GET /api/v1/comunidad/foros
[2026-07-27T23:43:31.181Z] GET /api/v1/comunidad/articulos
[2026-07-27T23:44:06.211Z] GET /api/v1/admin/comunidad/stats
-> RESPONSE ERROR: 403
[2026-07-27T23:45:46.921Z] OPTIONS /api/v1/admin/auth/login
[2026-07-27T23:45:46.924Z] POST /api/v1/admin/auth/login
[2026-07-27T23:45:50.645Z] OPTIONS /api/v1/admin/auth/verificar-2fa
[2026-07-27T23:45:50.649Z] POST /api/v1/admin/auth/verificar-2fa
[2026-07-27T23:45:50.697Z] OPTIONS /api/v1/admin/dashboard/stats
[2026-07-27T23:45:50.699Z] OPTIONS /api/v1/admin/dashboard/stats
[2026-07-27T23:45:50.700Z] GET /api/v1/admin/dashboard/stats
[2026-07-27T23:45:50.717Z] GET /api/v1/admin/dashboard/stats
[2026-07-27T23:45:54.515Z] OPTIONS /api/v1/admin/articulos
[2026-07-27T23:45:54.517Z] OPTIONS /api/v1/admin/articulos
[2026-07-27T23:45:54.518Z] GET /api/v1/admin/articulos
[2026-07-27T23:45:54.526Z] GET /api/v1/admin/articulos
[2026-07-27T23:45:54.533Z] OPTIONS /api/v1/admin/articulos/stats
[2026-07-27T23:45:54.536Z] GET /api/v1/admin/articulos/stats
[2026-07-27T23:45:54.552Z] GET /api/v1/admin/articulos/stats
[2026-07-27T23:46:13.463Z] OPTIONS /api/v1/admin/comunidad/foros
[2026-07-27T23:46:13.466Z] OPTIONS /api/v1/admin/comunidad/foros
[2026-07-27T23:46:13.470Z] GET /api/v1/admin/comunidad/foros
[2026-07-27T23:46:13.501Z] GET /api/v1/admin/comunidad/foros
[2026-07-27T23:46:13.504Z] OPTIONS /api/v1/admin/comunidad/stats
[2026-07-27T23:46:13.507Z] GET /api/v1/admin/comunidad/stats
[2026-07-27T23:46:13.534Z] GET /api/v1/admin/comunidad/stats
[2026-07-27T23:46:15.941Z] OPTIONS /api/v1/admin/comunidad/foros/fd0238b1-9471-46b9-9515-1c51979280ff/comentarios
[2026-07-27T23:46:15.943Z] GET /api/v1/admin/comunidad/foros/fd0238b1-9471-46b9-9515-1c51979280ff/comentarios
[2026-07-27T23:46:20.789Z] OPTIONS /api/v1/admin/articulos
[2026-07-27T23:46:20.791Z] OPTIONS /api/v1/admin/articulos
[2026-07-27T23:46:20.793Z] GET /api/v1/admin/articulos
[2026-07-27T23:46:20.802Z] GET /api/v1/admin/articulos
[2026-07-27T23:46:20.805Z] OPTIONS /api/v1/admin/articulos/stats
[2026-07-27T23:46:20.807Z] GET /api/v1/admin/articulos/stats
[2026-07-27T23:46:20.818Z] GET /api/v1/admin/articulos/stats
[2026-07-27T23:46:36.588Z] OPTIONS /api/v1/admin/comunidad/foros
[2026-07-27T23:46:36.590Z] OPTIONS /api/v1/admin/comunidad/foros
[2026-07-27T23:46:36.598Z] GET /api/v1/admin/comunidad/foros
[2026-07-27T23:46:36.629Z] GET /api/v1/admin/comunidad/foros
[2026-07-27T23:46:36.631Z] OPTIONS /api/v1/admin/comunidad/stats
[2026-07-27T23:46:36.634Z] GET /api/v1/admin/comunidad/stats
[2026-07-27T23:46:36.668Z] GET /api/v1/admin/comunidad/stats
[2026-07-27T23:47:49.018Z] OPTIONS /api/v1/admin/articulos
[2026-07-27T23:47:49.020Z] OPTIONS /api/v1/admin/articulos
[2026-07-27T23:47:49.022Z] GET /api/v1/admin/articulos
[2026-07-27T23:47:49.047Z] GET /api/v1/admin/articulos
[2026-07-27T23:47:49.050Z] OPTIONS /api/v1/admin/articulos/stats
[2026-07-27T23:47:49.053Z] GET /api/v1/admin/articulos/stats
[2026-07-27T23:47:49.079Z] GET /api/v1/admin/articulos/stats
[2026-07-27T23:47:51.364Z] OPTIONS /api/v1/admin/comunidad/foros
[2026-07-27T23:47:51.365Z] OPTIONS /api/v1/admin/comunidad/foros
[2026-07-27T23:47:51.370Z] GET /api/v1/admin/comunidad/foros
[2026-07-27T23:47:51.378Z] GET /api/v1/admin/comunidad/foros
[2026-07-27T23:47:51.382Z] OPTIONS /api/v1/admin/comunidad/stats
[2026-07-27T23:47:51.387Z] GET /api/v1/admin/comunidad/stats
[2026-07-27T23:47:51.391Z] GET /api/v1/admin/comunidad/stats
[2026-07-27T23:47:54.580Z] OPTIONS /api/v1/admin/comunidad/foros/fd0238b1-9471-46b9-9515-1c51979280ff/comentarios
[2026-07-27T23:47:54.582Z] GET /api/v1/admin/comunidad/foros/fd0238b1-9471-46b9-9515-1c51979280ff/comentarios
[2026-07-27T23:48:40.230Z] OPTIONS /api/v1/admin/comunidad/foros
[2026-07-27T23:48:40.235Z] GET /api/v1/admin/comunidad/foros
[2026-07-27T23:48:40.293Z] OPTIONS /api/v1/admin/comunidad/stats
[2026-07-27T23:48:40.296Z] GET /api/v1/admin/comunidad/stats
[2026-07-27T23:50:56.119Z] OPTIONS /api/v1/admin/comunidad/comentarios/da007d2f-9a2c-4d47-95e6-a3962260a644
[2026-07-27T23:50:56.122Z] DELETE /api/v1/admin/comunidad/comentarios/da007d2f-9a2c-4d47-95e6-a3962260a644
[2026-07-27T23:50:56.155Z] OPTIONS /api/v1/admin/comunidad/foros
[2026-07-27T23:50:56.157Z] GET /api/v1/admin/comunidad/foros
[2026-07-27T23:50:56.167Z] OPTIONS /api/v1/admin/comunidad/stats
[2026-07-27T23:50:56.170Z] GET /api/v1/admin/comunidad/stats
[2026-07-27T23:51:00.544Z] OPTIONS /api/v1/comunidad/foros
[2026-07-27T23:51:00.546Z] OPTIONS /api/v1/comunidad/articulos
[2026-07-27T23:51:00.548Z] OPTIONS /api/v1/comunidad/articulos
[2026-07-27T23:51:00.549Z] OPTIONS /api/v1/comunidad/foros
[2026-07-27T23:51:00.551Z] GET /api/v1/comunidad/foros
[2026-07-27T23:51:00.553Z] GET /api/v1/comunidad/articulos
[2026-07-27T23:51:00.558Z] GET /api/v1/comunidad/foros
[2026-07-27T23:51:00.575Z] GET /api/v1/comunidad/articulos
[2026-07-27T23:51:01.940Z] OPTIONS /api/v1/comunidad/foros/fd0238b1-9471-46b9-9515-1c51979280ff
[2026-07-27T23:51:01.941Z] OPTIONS /api/v1/comunidad/foros/fd0238b1-9471-46b9-9515-1c51979280ff
[2026-07-27T23:51:01.944Z] GET /api/v1/comunidad/foros/fd0238b1-9471-46b9-9515-1c51979280ff
[2026-07-27T23:51:01.951Z] GET /api/v1/comunidad/foros/fd0238b1-9471-46b9-9515-1c51979280ff
[2026-07-28T00:23:35.781Z] OPTIONS /api/v1/admin/comunidad/foros
[2026-07-28T00:23:35.819Z] GET /api/v1/admin/comunidad/foros
[2026-07-28T00:23:35.858Z] OPTIONS /api/v1/admin/comunidad/foros
[2026-07-28T00:23:36.073Z] GET /api/v1/admin/comunidad/foros
[2026-07-28T00:23:36.079Z] OPTIONS /api/v1/admin/comunidad/stats
[2026-07-28T00:23:36.084Z] GET /api/v1/admin/comunidad/stats
[2026-07-28T00:23:36.143Z] GET /api/v1/admin/comunidad/stats
[2026-07-28T00:44:32.330Z] OPTIONS /api/v1/comunidad/foros
[2026-07-28T00:44:32.338Z] OPTIONS /api/v1/comunidad/articulos
[2026-07-28T00:44:32.340Z] OPTIONS /api/v1/comunidad/foros
[2026-07-28T00:44:32.343Z] OPTIONS /api/v1/comunidad/articulos
[2026-07-28T00:44:32.345Z] GET /api/v1/comunidad/foros
[2026-07-28T00:44:32.351Z] GET /api/v1/comunidad/articulos
[2026-07-28T00:44:32.440Z] GET /api/v1/comunidad/articulos
[2026-07-28T00:44:32.443Z] GET /api/v1/comunidad/foros
[2026-07-30T02:09:23.548Z] OPTIONS /api/v1/admin/auth/login
[2026-07-30T02:09:23.586Z] POST /api/v1/admin/auth/login
[2026-07-30T02:09:28.848Z] OPTIONS /api/v1/admin/auth/verificar-2fa
[2026-07-30T02:09:28.856Z] POST /api/v1/admin/auth/verificar-2fa
[2026-07-30T02:09:29.066Z] OPTIONS /api/v1/admin/dashboard/stats
[2026-07-30T02:09:29.076Z] OPTIONS /api/v1/admin/dashboard/stats
[2026-07-30T02:09:29.080Z] GET /api/v1/admin/dashboard/stats
[2026-07-30T02:09:29.148Z] GET /api/v1/admin/dashboard/stats
[2026-07-30T02:09:54.394Z] OPTIONS /api/auth/login
[2026-07-30T02:09:54.398Z] POST /api/auth/login
[2026-07-30T02:09:54.837Z] OPTIONS /api/profiles/babies
[2026-07-30T02:09:54.841Z] OPTIONS /api/v1/directorio/previsiones
[2026-07-30T02:09:54.848Z] OPTIONS /api/profiles/babies
[2026-07-30T02:09:54.851Z] OPTIONS /api/v1/directorio/previsiones
[2026-07-30T02:09:54.854Z] GET /api/profiles/babies
[2026-07-30T02:09:54.859Z] GET /api/v1/directorio/previsiones
[2026-07-30T02:09:54.988Z] GET /api/profiles/babies
[2026-07-30T02:09:55.047Z] GET /api/v1/directorio/previsiones
[2026-07-30T02:10:12.866Z] OPTIONS /api/v1/admin/administradores
[2026-07-30T02:10:12.870Z] OPTIONS /api/v1/admin/administradores
[2026-07-30T02:10:12.874Z] GET /api/v1/admin/administradores
[2026-07-30T02:10:12.982Z] GET /api/v1/admin/administradores
[2026-07-30T02:10:12.987Z] OPTIONS /api/v1/admin/administradores/stats
[2026-07-30T02:10:12.993Z] GET /api/v1/admin/administradores/stats
[2026-07-30T02:10:13.097Z] GET /api/v1/admin/administradores/stats
[2026-07-30T02:10:23.173Z] OPTIONS /api/v1/admin/administradores/bd4c134a-f3a8-4398-a822-ff0cc9cab028
[2026-07-30T02:10:23.177Z] PUT /api/v1/admin/administradores/bd4c134a-f3a8-4398-a822-ff0cc9cab028
[2026-07-30T02:10:23.277Z] OPTIONS /api/v1/admin/administradores
[2026-07-30T02:10:23.281Z] GET /api/v1/admin/administradores
[2026-07-30T02:10:23.294Z] OPTIONS /api/v1/admin/administradores/stats
[2026-07-30T02:10:23.297Z] GET /api/v1/admin/administradores/stats
[2026-07-30T02:11:04.142Z] OPTIONS /api/v1/admin/administradores/bd4c134a-f3a8-4398-a822-ff0cc9cab028
[2026-07-30T02:11:04.149Z] PUT /api/v1/admin/administradores/bd4c134a-f3a8-4398-a822-ff0cc9cab028
[2026-07-30T02:11:04.217Z] OPTIONS /api/v1/admin/administradores
[2026-07-30T02:11:04.222Z] GET /api/v1/admin/administradores
[2026-07-30T02:11:04.240Z] OPTIONS /api/v1/admin/administradores/stats
[2026-07-30T02:11:04.245Z] GET /api/v1/admin/administradores/stats
[2026-07-30T02:14:27.346Z] OPTIONS /api/v1/admin/administradores/bd4c134a-f3a8-4398-a822-ff0cc9cab028
[2026-07-30T02:14:27.350Z] PUT /api/v1/admin/administradores/bd4c134a-f3a8-4398-a822-ff0cc9cab028
[2026-07-30T02:14:27.589Z] OPTIONS /api/v1/admin/administradores
[2026-07-30T02:14:27.592Z] GET /api/v1/admin/administradores
[2026-07-30T02:14:27.604Z] OPTIONS /api/v1/admin/administradores/stats
[2026-07-30T02:14:27.608Z] GET /api/v1/admin/administradores/stats
[2026-07-30T02:14:45.122Z] OPTIONS /api/v1/admin/administradores/bd4c134a-f3a8-4398-a822-ff0cc9cab028
[2026-07-30T02:14:45.132Z] PUT /api/v1/admin/administradores/bd4c134a-f3a8-4398-a822-ff0cc9cab028
[2026-07-30T02:14:45.220Z] OPTIONS /api/v1/admin/administradores
[2026-07-30T02:14:45.224Z] GET /api/v1/admin/administradores
[2026-07-30T02:14:45.240Z] OPTIONS /api/v1/admin/administradores/stats
[2026-07-30T02:14:45.244Z] GET /api/v1/admin/administradores/stats
[2026-07-30T02:16:14.520Z] OPTIONS /api/v1/admin/administradores
[2026-07-30T02:16:14.531Z] POST /api/v1/admin/administradores
[2026-07-30T02:16:19.793Z] OPTIONS /api/v1/admin/administradores
[2026-07-30T02:16:19.797Z] GET /api/v1/admin/administradores
[2026-07-30T02:16:19.813Z] OPTIONS /api/v1/admin/administradores/stats
[2026-07-30T02:16:19.817Z] GET /api/v1/admin/administradores/stats
[2026-07-30T02:16:29.896Z] OPTIONS /api/v1/admin/administradores/a358e87e-8b1f-4fc5-9222-6fa23ed02546
[2026-07-30T02:16:29.901Z] DELETE /api/v1/admin/administradores/a358e87e-8b1f-4fc5-9222-6fa23ed02546
[2026-07-30T02:22:18.534Z] OPTIONS /api/v1/admin/usuarios
[2026-07-30T02:22:18.537Z] OPTIONS /api/v1/admin/usuarios
[2026-07-30T02:22:18.542Z] GET /api/v1/admin/usuarios
[2026-07-30T02:22:18.618Z] GET /api/v1/admin/usuarios
[2026-07-30T02:22:18.622Z] OPTIONS /api/v1/admin/usuarios/stats
[2026-07-30T02:22:18.628Z] GET /api/v1/admin/usuarios/stats
[2026-07-30T02:22:18.705Z] GET /api/v1/admin/usuarios/stats
[2026-07-30T02:25:09.423Z] OPTIONS /api/v1/admin/usuarios
[2026-07-30T02:25:09.427Z] POST /api/v1/admin/usuarios
[2026-07-30T02:25:12.143Z] GET /api/v1/admin/usuarios
[2026-07-30T02:25:12.180Z] OPTIONS /api/v1/admin/usuarios/stats
[2026-07-30T02:25:12.187Z] GET /api/v1/admin/usuarios/stats
[2026-07-30T02:26:19.989Z] OPTIONS /api/v1/admin/vacunas
[2026-07-30T02:26:19.994Z] OPTIONS /api/v1/admin/vacunas
[2026-07-30T02:26:19.997Z] GET /api/v1/admin/vacunas
[2026-07-30T02:26:20.073Z] GET /api/v1/admin/vacunas
[2026-07-30T02:26:39.950Z] OPTIONS /api/v1/admin/vacunas/1
[2026-07-30T02:26:39.957Z] PUT /api/v1/admin/vacunas/1
[2026-07-30T02:26:40.051Z] OPTIONS /api/v1/admin/vacunas
[2026-07-30T02:26:40.056Z] GET /api/v1/admin/vacunas
[2026-07-30T02:26:48.434Z] OPTIONS /api/v1/admin/vacunas/1
[2026-07-30T02:26:48.446Z] PUT /api/v1/admin/vacunas/1
[2026-07-30T02:26:48.489Z] OPTIONS /api/v1/admin/vacunas
[2026-07-30T02:26:48.496Z] GET /api/v1/admin/vacunas
[2026-07-30T02:28:38.554Z] OPTIONS /api/v1/admin/articulos
[2026-07-30T02:28:38.560Z] OPTIONS /api/v1/admin/articulos
[2026-07-30T02:28:38.567Z] GET /api/v1/admin/articulos
[2026-07-30T02:28:38.633Z] GET /api/v1/admin/articulos
[2026-07-30T02:28:38.642Z] OPTIONS /api/v1/admin/articulos/stats
[2026-07-30T02:28:38.650Z] GET /api/v1/admin/articulos/stats
[2026-07-30T02:28:38.680Z] GET /api/v1/admin/articulos/stats
[2026-07-30T02:28:41.721Z] OPTIONS /api/v1/admin/directorio/medicos
[2026-07-30T02:28:41.725Z] OPTIONS /api/v1/admin/directorio/medicos
[2026-07-30T02:28:41.729Z] GET /api/v1/admin/directorio/medicos
[2026-07-30T02:28:41.758Z] GET /api/v1/admin/directorio/medicos
[2026-07-30T02:30:31.548Z] OPTIONS /api/v1/admin/directorio/especialidades
[2026-07-30T02:30:31.551Z] OPTIONS /api/v1/admin/directorio/especialidades
[2026-07-30T02:30:31.557Z] GET /api/v1/admin/directorio/especialidades
[2026-07-30T02:30:31.631Z] GET /api/v1/admin/directorio/especialidades
[2026-07-30T02:30:31.637Z] OPTIONS /api/v1/admin/directorio/especialidades/stats
[2026-07-30T02:30:31.643Z] GET /api/v1/admin/directorio/especialidades/stats
[2026-07-30T02:30:31.716Z] GET /api/v1/admin/directorio/especialidades/stats
[2026-07-30T02:31:55.452Z] OPTIONS /api/v1/admin/directorio/prevision
[2026-07-30T02:31:55.456Z] OPTIONS /api/v1/admin/directorio/prevision
[2026-07-30T02:31:55.461Z] GET /api/v1/admin/directorio/prevision
[2026-07-30T02:31:55.531Z] GET /api/v1/admin/directorio/prevision
[2026-07-30T02:32:23.592Z] OPTIONS /api/v1/admin/directorio/centros
[2026-07-30T02:32:23.598Z] OPTIONS /api/v1/admin/directorio/centros
[2026-07-30T02:32:23.601Z] GET /api/v1/admin/directorio/centros
[2026-07-30T02:32:23.672Z] GET /api/v1/admin/directorio/centros
[2026-07-30T02:32:48.755Z] OPTIONS /api/v1/admin/articulos
[2026-07-30T02:32:48.763Z] OPTIONS /api/v1/admin/articulos
[2026-07-30T02:32:48.776Z] GET /api/v1/admin/articulos
[2026-07-30T02:32:48.828Z] GET /api/v1/admin/articulos
[2026-07-30T02:32:48.833Z] OPTIONS /api/v1/admin/articulos/stats
[2026-07-30T02:32:48.839Z] GET /api/v1/admin/articulos/stats
[2026-07-30T02:32:48.906Z] GET /api/v1/admin/articulos/stats
[2026-07-30T02:33:22.168Z] OPTIONS /api/v1/admin/bitacora
[2026-07-30T02:33:22.171Z] OPTIONS /api/v1/admin/bitacora
[2026-07-30T02:33:22.175Z] GET /api/v1/admin/bitacora
[2026-07-30T02:33:22.227Z] GET /api/v1/admin/bitacora
[2026-07-30T02:33:30.082Z] OPTIONS /api/v1/admin/comunidad/foros
[2026-07-30T02:33:30.086Z] OPTIONS /api/v1/admin/comunidad/foros
[2026-07-30T02:33:30.089Z] GET /api/v1/admin/comunidad/foros
[2026-07-30T02:33:30.133Z] GET /api/v1/admin/comunidad/foros
[2026-07-30T02:33:30.147Z] OPTIONS /api/v1/admin/comunidad/stats
[2026-07-30T02:33:30.153Z] GET /api/v1/admin/comunidad/stats
[2026-07-30T02:33:30.239Z] GET /api/v1/admin/comunidad/stats
[2026-07-30T02:33:33.499Z] OPTIONS /api/v1/admin/comunidad/foros/fd0238b1-9471-46b9-9515-1c51979280ff/comentarios
[2026-07-30T02:33:33.508Z] GET /api/v1/admin/comunidad/foros/fd0238b1-9471-46b9-9515-1c51979280ff/comentarios
[2026-07-30T02:33:39.829Z] OPTIONS /api/v1/home/f69ada2a-545a-4839-9d1b-97577dc1b9b3
[2026-07-30T02:33:39.833Z] OPTIONS /api/v1/home/f69ada2a-545a-4839-9d1b-97577dc1b9b3
[2026-07-30T02:33:39.837Z] GET /api/v1/home/f69ada2a-545a-4839-9d1b-97577dc1b9b3
[2026-07-30T02:33:39.907Z] GET /api/v1/home/f69ada2a-545a-4839-9d1b-97577dc1b9b3
[2026-07-30T02:33:42.685Z] OPTIONS /api/v1/comunidad/foros
[2026-07-30T02:33:42.688Z] OPTIONS /api/v1/comunidad/articulos
[2026-07-30T02:33:42.693Z] OPTIONS /api/v1/comunidad/foros
[2026-07-30T02:33:42.696Z] OPTIONS /api/v1/comunidad/articulos
[2026-07-30T02:33:42.700Z] GET /api/v1/comunidad/foros
[2026-07-30T02:33:42.705Z] GET /api/v1/comunidad/articulos
[2026-07-30T02:33:42.712Z] GET /api/v1/comunidad/foros
[2026-07-30T02:33:42.749Z] GET /api/v1/comunidad/articulos
[2026-07-30T02:33:43.830Z] OPTIONS /api/v1/comunidad/foros/fd0238b1-9471-46b9-9515-1c51979280ff
[2026-07-30T02:33:43.834Z] OPTIONS /api/v1/comunidad/foros/fd0238b1-9471-46b9-9515-1c51979280ff
[2026-07-30T02:33:43.838Z] GET /api/v1/comunidad/foros/fd0238b1-9471-46b9-9515-1c51979280ff
[2026-07-30T02:33:43.857Z] GET /api/v1/comunidad/foros/fd0238b1-9471-46b9-9515-1c51979280ff
[2026-07-30T02:33:49.670Z] OPTIONS /api/v1/admin/comunidad/comentarios/d8f3789c-7237-451a-9c8a-f31e60a81309
[2026-07-30T02:33:49.675Z] DELETE /api/v1/admin/comunidad/comentarios/d8f3789c-7237-451a-9c8a-f31e60a81309
[2026-07-30T02:33:49.721Z] OPTIONS /api/v1/admin/comunidad/foros
[2026-07-30T02:33:49.726Z] GET /api/v1/admin/comunidad/foros
[2026-07-30T02:33:49.741Z] OPTIONS /api/v1/admin/comunidad/stats
[2026-07-30T02:33:49.747Z] GET /api/v1/admin/comunidad/stats
[2026-07-30T02:33:52.252Z] OPTIONS /api/v1/comunidad/foros/fd0238b1-9471-46b9-9515-1c51979280ff
[2026-07-30T02:33:52.260Z] GET /api/v1/comunidad/foros/fd0238b1-9471-46b9-9515-1c51979280ff
[2026-07-30T02:33:52.276Z] GET /api/v1/comunidad/foros/fd0238b1-9471-46b9-9515-1c51979280ff
[2026-07-30T02:33:54.586Z] OPTIONS /api/v1/comunidad/foros
[2026-07-30T02:33:54.590Z] OPTIONS /api/v1/comunidad/articulos
[2026-07-30T02:33:54.595Z] OPTIONS /api/v1/comunidad/foros
[2026-07-30T02:33:54.599Z] OPTIONS /api/v1/comunidad/articulos
[2026-07-30T02:33:54.603Z] GET /api/v1/comunidad/foros
[2026-07-30T02:33:54.608Z] GET /api/v1/comunidad/articulos
[2026-07-30T02:33:54.617Z] GET /api/v1/comunidad/foros
[2026-07-30T02:33:54.657Z] GET /api/v1/comunidad/articulos
[2026-07-30T02:33:57.389Z] OPTIONS /api/v1/home/f69ada2a-545a-4839-9d1b-97577dc1b9b3
[2026-07-30T02:33:57.394Z] OPTIONS /api/v1/home/f69ada2a-545a-4839-9d1b-97577dc1b9b3
[2026-07-30T02:33:57.400Z] GET /api/v1/home/f69ada2a-545a-4839-9d1b-97577dc1b9b3
[2026-07-30T02:33:57.434Z] GET /api/v1/home/f69ada2a-545a-4839-9d1b-97577dc1b9b3
[2026-08-02T21:44:15.374Z] OPTIONS /api/v1/admin/auth/login
[2026-08-02T21:44:15.390Z] POST /api/v1/admin/auth/login
[2026-08-02T21:44:25.354Z] OPTIONS /api/v1/admin/auth/verificar-2fa
[2026-08-02T21:44:25.356Z] POST /api/v1/admin/auth/verificar-2fa
[2026-08-02T21:44:25.466Z] OPTIONS /api/v1/admin/dashboard/stats
[2026-08-02T21:44:25.469Z] OPTIONS /api/v1/admin/dashboard/stats
[2026-08-02T21:44:25.473Z] GET /api/v1/admin/dashboard/stats
[2026-08-02T21:44:25.505Z] GET /api/v1/admin/dashboard/stats
[2026-08-02T21:44:52.657Z] OPTIONS /api/v1/admin/usuarios
[2026-08-02T21:44:52.662Z] OPTIONS /api/v1/admin/usuarios
[2026-08-02T21:44:52.664Z] GET /api/v1/admin/usuarios
[2026-08-02T21:44:52.709Z] GET /api/v1/admin/usuarios
[2026-08-02T21:44:52.714Z] OPTIONS /api/v1/admin/usuarios/stats
[2026-08-02T21:44:52.719Z] GET /api/v1/admin/usuarios/stats
[2026-08-02T21:44:52.782Z] GET /api/v1/admin/usuarios/stats
[2026-08-02T21:44:54.235Z] OPTIONS /api/v1/admin/administradores
[2026-08-02T21:44:54.238Z] OPTIONS /api/v1/admin/administradores
[2026-08-02T21:44:54.241Z] GET /api/v1/admin/administradores
[2026-08-02T21:44:54.250Z] GET /api/v1/admin/administradores
[2026-08-02T21:44:54.261Z] OPTIONS /api/v1/admin/administradores/stats
[2026-08-02T21:44:54.265Z] GET /api/v1/admin/administradores/stats
[2026-08-02T21:44:54.286Z] GET /api/v1/admin/administradores/stats
[2026-08-02T21:45:05.196Z] OPTIONS /api/v1/admin/administradores
[2026-08-02T21:45:05.200Z] OPTIONS /api/v1/admin/administradores
[2026-08-02T21:45:05.202Z] GET /api/v1/admin/administradores
[2026-08-02T21:45:05.262Z] GET /api/v1/admin/administradores
[2026-08-02T21:45:05.265Z] OPTIONS /api/v1/admin/administradores/stats
[2026-08-02T21:45:05.269Z] GET /api/v1/admin/administradores/stats
[2026-08-02T21:45:05.303Z] GET /api/v1/admin/administradores/stats
[2026-08-02T21:47:26.586Z] PUT /api/v1/admin/administradores/bd4c134a-f3a8-4398-a822-ff0cc9cab028/password
-> RESPONSE ERROR: 401
[2026-08-02T21:49:25.403Z] OPTIONS /api/v1/admin/administradores
[2026-08-02T21:49:25.412Z] OPTIONS /api/v1/admin/administradores
[2026-08-02T21:49:25.414Z] GET /api/v1/admin/administradores
[2026-08-02T21:49:25.497Z] GET /api/v1/admin/administradores
[2026-08-02T21:49:25.504Z] OPTIONS /api/v1/admin/administradores/stats
[2026-08-02T21:49:25.510Z] GET /api/v1/admin/administradores/stats
[2026-08-02T21:49:25.535Z] GET /api/v1/admin/administradores/stats
[UNCAUGHT] Error: listen EADDRINUSE: address already in use :::3000
    at Server.setupListenHandle [as _listen2] (node:net:2008:16)
    at listenInCluster (node:net:2065:12)
    at Server.listen (node:net:2170:7)
    at app.listen (C:\Users\elmar\Desktop\baby_care\node_modules\express\lib\application.js:635:24)
    at startServer (C:\Users\elmar\Desktop\baby_care\backend\src\index.ts:79:9)
    at processTicksAndRejections (node:internal/process/task_queues:104:5)
[2026-08-02T21:50:08.713Z] OPTIONS /api/v1/admin/administradores
[2026-08-02T21:50:08.718Z] OPTIONS /api/v1/admin/administradores
[2026-08-02T21:50:08.723Z] GET /api/v1/admin/administradores
[2026-08-02T21:50:08.790Z] GET /api/v1/admin/administradores
[2026-08-02T21:50:08.795Z] OPTIONS /api/v1/admin/administradores/stats
[2026-08-02T21:50:08.801Z] GET /api/v1/admin/administradores/stats
[2026-08-02T21:50:08.818Z] GET /api/v1/admin/administradores/stats
[2026-08-02T21:50:58.749Z] OPTIONS /api/v1/admin/administradores
[2026-08-02T21:50:58.755Z] OPTIONS /api/v1/admin/administradores
[2026-08-02T21:50:58.756Z] GET /api/v1/admin/administradores
[2026-08-02T21:50:58.814Z] GET /api/v1/admin/administradores
[2026-08-02T21:50:58.827Z] OPTIONS /api/v1/admin/administradores/stats
[2026-08-02T21:50:58.831Z] GET /api/v1/admin/administradores/stats
[2026-08-02T21:50:58.885Z] GET /api/v1/admin/administradores/stats
[2026-08-02T21:51:18.737Z] OPTIONS /api/v1/admin/administradores
[2026-08-02T21:51:18.742Z] OPTIONS /api/v1/admin/administradores
[2026-08-02T21:51:18.747Z] GET /api/v1/admin/administradores
[2026-08-02T21:51:18.788Z] GET /api/v1/admin/administradores
[2026-08-02T21:51:18.793Z] OPTIONS /api/v1/admin/administradores/stats
[2026-08-02T21:51:18.796Z] GET /api/v1/admin/administradores/stats
[2026-08-02T21:51:18.849Z] GET /api/v1/admin/administradores/stats
[2026-08-02T21:54:08.498Z] OPTIONS /api/v1/admin/administradores
[2026-08-02T21:54:08.502Z] GET /api/v1/admin/administradores
[2026-08-02T21:54:08.555Z] OPTIONS /api/v1/admin/administradores/stats
[2026-08-02T21:54:08.559Z] GET /api/v1/admin/administradores/stats
[2026-08-02T21:54:30.925Z] OPTIONS /api/v1/admin/administradores
[2026-08-02T21:54:30.928Z] OPTIONS /api/v1/admin/administradores
[2026-08-02T21:54:30.930Z] GET /api/v1/admin/administradores
[2026-08-02T21:54:30.966Z] GET /api/v1/admin/administradores
[2026-08-02T21:54:30.970Z] OPTIONS /api/v1/admin/administradores/stats
[2026-08-02T21:54:30.973Z] GET /api/v1/admin/administradores/stats
[2026-08-02T21:54:31.006Z] GET /api/v1/admin/administradores/stats
[2026-08-02T21:55:18.141Z] OPTIONS /api/v1/admin/usuarios
[2026-08-02T21:55:18.143Z] OPTIONS /api/v1/admin/usuarios
[2026-08-02T21:55:18.145Z] GET /api/v1/admin/usuarios
[2026-08-02T21:55:18.190Z] GET /api/v1/admin/usuarios
[2026-08-02T21:55:18.195Z] OPTIONS /api/v1/admin/usuarios/stats
[2026-08-02T21:55:18.198Z] GET /api/v1/admin/usuarios/stats
[2026-08-02T21:55:18.216Z] GET /api/v1/admin/usuarios/stats
[2026-08-02T21:55:31.142Z] OPTIONS /api/v1/admin/vacunas
[2026-08-02T21:55:31.144Z] OPTIONS /api/v1/admin/vacunas
[2026-08-02T21:55:31.147Z] GET /api/v1/admin/vacunas
[2026-08-02T21:55:31.186Z] GET /api/v1/admin/vacunas
[2026-08-02T21:55:32.779Z] OPTIONS /api/v1/admin/directorio/medicos
[2026-08-02T21:55:32.781Z] OPTIONS /api/v1/admin/directorio/medicos
[2026-08-02T21:55:32.784Z] GET /api/v1/admin/directorio/medicos
[2026-08-02T21:55:32.801Z] GET /api/v1/admin/directorio/medicos
[2026-08-02T21:55:41.965Z] OPTIONS /api/v1/admin/directorio/especialidades
[2026-08-02T21:55:41.967Z] OPTIONS /api/v1/admin/directorio/especialidades
[2026-08-02T21:55:41.971Z] GET /api/v1/admin/directorio/especialidades
[2026-08-02T21:55:41.984Z] GET /api/v1/admin/directorio/especialidades
[2026-08-02T21:55:41.987Z] OPTIONS /api/v1/admin/directorio/especialidades/stats
[2026-08-02T21:55:41.992Z] GET /api/v1/admin/directorio/especialidades/stats
[2026-08-02T21:55:42.014Z] GET /api/v1/admin/directorio/especialidades/stats
[2026-08-02T21:55:51.900Z] OPTIONS /api/v1/admin/directorio/prevision
[2026-08-02T21:55:51.902Z] OPTIONS /api/v1/admin/directorio/prevision
[2026-08-02T21:55:51.905Z] GET /api/v1/admin/directorio/prevision
[2026-08-02T21:55:51.920Z] GET /api/v1/admin/directorio/prevision
[2026-08-02T21:55:54.562Z] OPTIONS /api/v1/admin/directorio/centros
[2026-08-02T21:55:54.565Z] OPTIONS /api/v1/admin/directorio/centros
[2026-08-02T21:55:54.569Z] GET /api/v1/admin/directorio/centros
[2026-08-02T21:55:54.585Z] GET /api/v1/admin/directorio/centros
[2026-08-02T21:55:56.368Z] OPTIONS /api/v1/admin/articulos
[2026-08-02T21:55:56.370Z] OPTIONS /api/v1/admin/articulos
[2026-08-02T21:55:56.373Z] GET /api/v1/admin/articulos
[2026-08-02T21:55:56.381Z] GET /api/v1/admin/articulos
[2026-08-02T21:55:56.384Z] OPTIONS /api/v1/admin/articulos/stats
[2026-08-02T21:55:56.389Z] GET /api/v1/admin/articulos/stats
[2026-08-02T21:55:56.403Z] GET /api/v1/admin/articulos/stats
[2026-08-02T21:56:04.819Z] OPTIONS /api/v1/admin/oms
[2026-08-02T21:56:04.822Z] OPTIONS /api/v1/admin/oms
[2026-08-02T21:56:04.824Z] GET /api/v1/admin/oms
[2026-08-02T21:56:04.837Z] GET /api/v1/admin/oms
[2026-08-02T21:56:04.841Z] OPTIONS /api/v1/admin/oms/stats
[2026-08-02T21:56:04.844Z] GET /api/v1/admin/oms/stats
[2026-08-02T21:56:04.879Z] GET /api/v1/admin/oms/stats
[2026-08-02T21:56:16.885Z] OPTIONS /api/v1/admin/bitacora
[2026-08-02T21:56:16.887Z] OPTIONS /api/v1/admin/bitacora
[2026-08-02T21:56:16.888Z] GET /api/v1/admin/bitacora
[2026-08-02T21:56:16.925Z] GET /api/v1/admin/bitacora
[2026-08-02T21:56:18.183Z] OPTIONS /api/v1/admin/comunidad/foros
[2026-08-02T21:56:18.184Z] OPTIONS /api/v1/admin/comunidad/foros
[2026-08-02T21:56:18.187Z] GET /api/v1/admin/comunidad/foros
[2026-08-02T21:56:18.206Z] GET /api/v1/admin/comunidad/foros
[2026-08-02T21:56:18.210Z] OPTIONS /api/v1/admin/comunidad/stats
[2026-08-02T21:56:18.213Z] GET /api/v1/admin/comunidad/stats
[2026-08-02T21:56:18.251Z] GET /api/v1/admin/comunidad/stats
[2026-08-02T21:56:20.647Z] OPTIONS /api/v1/admin/dashboard/stats
[2026-08-02T21:56:20.649Z] OPTIONS /api/v1/admin/dashboard/stats
[2026-08-02T21:56:20.653Z] GET /api/v1/admin/dashboard/stats
[2026-08-02T21:56:20.667Z] GET /api/v1/admin/dashboard/stats
[2026-08-02T22:00:26.505Z] OPTIONS /api/v1/admin/usuarios
[2026-08-02T22:00:26.508Z] OPTIONS /api/v1/admin/usuarios
[2026-08-02T22:00:26.509Z] GET /api/v1/admin/usuarios
[2026-08-02T22:00:26.544Z] GET /api/v1/admin/usuarios
[2026-08-02T22:00:26.547Z] OPTIONS /api/v1/admin/usuarios/stats
[2026-08-02T22:00:26.550Z] GET /api/v1/admin/usuarios/stats
[2026-08-02T22:00:26.595Z] GET /api/v1/admin/usuarios/stats
[2026-08-02T22:00:27.822Z] OPTIONS /api/v1/admin/administradores
[2026-08-02T22:00:27.824Z] OPTIONS /api/v1/admin/administradores
[2026-08-02T22:00:27.828Z] GET /api/v1/admin/administradores
[2026-08-02T22:00:27.840Z] GET /api/v1/admin/administradores
[2026-08-02T22:00:27.843Z] OPTIONS /api/v1/admin/administradores/stats
[2026-08-02T22:00:27.846Z] GET /api/v1/admin/administradores/stats
[2026-08-02T22:00:27.859Z] GET /api/v1/admin/administradores/stats
[2026-08-02T22:04:58.994Z] OPTIONS /api/v1/admin/usuarios
[2026-08-02T22:04:59.001Z] OPTIONS /api/v1/admin/usuarios
[2026-08-02T22:04:59.003Z] GET /api/v1/admin/usuarios
[2026-08-02T22:04:59.040Z] GET /api/v1/admin/usuarios
[2026-08-02T22:04:59.044Z] OPTIONS /api/v1/admin/usuarios/stats
[2026-08-02T22:04:59.047Z] GET /api/v1/admin/usuarios/stats
[2026-08-02T22:04:59.056Z] GET /api/v1/admin/usuarios/stats
[2026-08-02T22:05:13.950Z] OPTIONS /api/v1/admin/vacunas
[2026-08-02T22:05:13.952Z] OPTIONS /api/v1/admin/vacunas
[2026-08-02T22:05:13.953Z] GET /api/v1/admin/vacunas
[2026-08-02T22:05:13.985Z] GET /api/v1/admin/vacunas
[2026-08-02T22:05:15.299Z] OPTIONS /api/v1/admin/directorio/medicos
[2026-08-02T22:05:15.301Z] OPTIONS /api/v1/admin/directorio/medicos
[2026-08-02T22:05:15.302Z] GET /api/v1/admin/directorio/medicos
[2026-08-02T22:05:15.314Z] GET /api/v1/admin/directorio/medicos
[2026-08-02T22:05:34.747Z] OPTIONS /api/v1/admin/directorio/especialidades
[2026-08-02T22:05:34.749Z] OPTIONS /api/v1/admin/directorio/especialidades
[2026-08-02T22:05:34.755Z] GET /api/v1/admin/directorio/especialidades
[2026-08-02T22:05:34.783Z] GET /api/v1/admin/directorio/especialidades
[2026-08-02T22:05:34.786Z] OPTIONS /api/v1/admin/directorio/especialidades/stats
[2026-08-02T22:05:34.790Z] GET /api/v1/admin/directorio/especialidades/stats
[2026-08-02T22:05:34.804Z] GET /api/v1/admin/directorio/especialidades/stats
[2026-08-02T22:05:36.511Z] OPTIONS /api/v1/admin/directorio/medicos
[2026-08-02T22:05:36.513Z] OPTIONS /api/v1/admin/directorio/medicos
[2026-08-02T22:05:36.515Z] GET /api/v1/admin/directorio/medicos
[2026-08-02T22:05:36.522Z] GET /api/v1/admin/directorio/medicos
[2026-08-02T22:06:26.592Z] OPTIONS /api/v1/admin/usuarios
[2026-08-02T22:06:26.595Z] OPTIONS /api/v1/admin/usuarios
[2026-08-02T22:06:26.599Z] GET /api/v1/admin/usuarios
[2026-08-02T22:06:26.635Z] GET /api/v1/admin/usuarios
[2026-08-02T22:06:26.638Z] OPTIONS /api/v1/admin/usuarios/stats
[2026-08-02T22:06:26.641Z] GET /api/v1/admin/usuarios/stats
[2026-08-02T22:06:26.679Z] GET /api/v1/admin/usuarios/stats
[2026-08-02T22:06:41.040Z] OPTIONS /api/v1/admin/administradores
[2026-08-02T22:06:41.042Z] OPTIONS /api/v1/admin/administradores
[2026-08-02T22:06:41.044Z] GET /api/v1/admin/administradores
[2026-08-02T22:06:41.074Z] GET /api/v1/admin/administradores
[2026-08-02T22:06:41.077Z] OPTIONS /api/v1/admin/administradores/stats
[2026-08-02T22:06:41.080Z] GET /api/v1/admin/administradores/stats
[2026-08-02T22:06:41.118Z] GET /api/v1/admin/administradores/stats
[2026-08-02T22:06:46.121Z] OPTIONS /api/v1/admin/directorio/especialidades
[2026-08-02T22:06:46.123Z] OPTIONS /api/v1/admin/directorio/especialidades
[2026-08-02T22:06:46.155Z] GET /api/v1/admin/directorio/especialidades
[2026-08-02T22:06:46.163Z] GET /api/v1/admin/directorio/especialidades
[2026-08-02T22:06:46.165Z] OPTIONS /api/v1/admin/directorio/especialidades/stats
[2026-08-02T22:06:46.169Z] GET /api/v1/admin/directorio/especialidades/stats
[2026-08-02T22:06:46.183Z] GET /api/v1/admin/directorio/especialidades/stats
[2026-08-02T22:06:51.336Z] OPTIONS /api/v1/admin/directorio/prevision
[2026-08-02T22:06:51.338Z] OPTIONS /api/v1/admin/directorio/prevision
[2026-08-02T22:06:51.341Z] GET /api/v1/admin/directorio/prevision
[2026-08-02T22:06:51.351Z] GET /api/v1/admin/directorio/prevision
[2026-08-02T22:06:58.347Z] OPTIONS /api/v1/admin/directorio/centros
[2026-08-02T22:06:58.349Z] OPTIONS /api/v1/admin/directorio/centros
[2026-08-02T22:06:58.351Z] GET /api/v1/admin/directorio/centros
[2026-08-02T22:06:58.359Z] GET /api/v1/admin/directorio/centros
[2026-08-02T22:07:12.875Z] OPTIONS /api/v1/admin/administradores
[2026-08-02T22:07:12.878Z] OPTIONS /api/v1/admin/administradores
[2026-08-02T22:07:12.880Z] GET /api/v1/admin/administradores
[2026-08-02T22:07:12.918Z] GET /api/v1/admin/administradores
[2026-08-02T22:07:12.930Z] OPTIONS /api/v1/admin/administradores/stats
[2026-08-02T22:07:12.934Z] GET /api/v1/admin/administradores/stats
[2026-08-02T22:07:12.947Z] GET /api/v1/admin/administradores/stats
[2026-08-02T22:08:46.663Z] OPTIONS /api/v1/admin/administradores
[2026-08-02T22:08:46.666Z] OPTIONS /api/v1/admin/administradores
[2026-08-02T22:08:46.667Z] GET /api/v1/admin/administradores
[2026-08-02T22:08:46.696Z] GET /api/v1/admin/administradores
[2026-08-02T22:08:46.704Z] OPTIONS /api/v1/admin/administradores/stats
[2026-08-02T22:08:46.707Z] GET /api/v1/admin/administradores/stats
[2026-08-02T22:08:46.717Z] GET /api/v1/admin/administradores/stats
[2026-08-02T22:09:41.648Z] OPTIONS /api/v1/admin/administradores
[2026-08-02T22:09:41.651Z] GET /api/v1/admin/administradores
[2026-08-02T22:09:41.679Z] OPTIONS /api/v1/admin/administradores/stats
[2026-08-02T22:09:41.682Z] GET /api/v1/admin/administradores/stats
[2026-08-02T22:27:07.699Z] OPTIONS /api/v1/admin/administradores
[2026-08-02T22:27:07.704Z] OPTIONS /api/v1/admin/administradores
[2026-08-02T22:27:07.705Z] GET /api/v1/admin/administradores
[2026-08-02T22:27:07.766Z] GET /api/v1/admin/administradores
[2026-08-02T22:27:07.773Z] OPTIONS /api/v1/admin/administradores/stats
[2026-08-02T22:27:07.778Z] GET /api/v1/admin/administradores/stats
[2026-08-02T22:27:07.792Z] GET /api/v1/admin/administradores/stats
[2026-08-02T22:28:55.722Z] OPTIONS /api/v1/admin/dashboard/stats
[2026-08-02T22:28:55.725Z] OPTIONS /api/v1/admin/dashboard/stats
[2026-08-02T22:28:55.727Z] GET /api/v1/admin/dashboard/stats
[2026-08-02T22:28:55.772Z] GET /api/v1/admin/dashboard/stats
[2026-08-02T22:30:55.680Z] OPTIONS /api/v1/admin/administradores
[2026-08-02T22:30:55.682Z] OPTIONS /api/v1/admin/administradores
[2026-08-02T22:30:55.683Z] GET /api/v1/admin/administradores
[2026-08-02T22:30:55.713Z] GET /api/v1/admin/administradores
[2026-08-02T22:30:55.716Z] OPTIONS /api/v1/admin/administradores/stats
[2026-08-02T22:30:55.719Z] GET /api/v1/admin/administradores/stats
[2026-08-02T22:30:55.756Z] GET /api/v1/admin/administradores/stats
[2026-08-02T22:31:01.296Z] OPTIONS /api/v1/admin/directorio/medicos
[2026-08-02T22:31:01.298Z] OPTIONS /api/v1/admin/directorio/medicos
[2026-08-02T22:31:01.301Z] GET /api/v1/admin/directorio/medicos
[2026-08-02T22:31:01.313Z] GET /api/v1/admin/directorio/medicos
[2026-08-02T22:35:57.903Z] OPTIONS /api/v1/admin/oms
[2026-08-02T22:35:57.908Z] OPTIONS /api/v1/admin/oms
[2026-08-02T22:35:57.909Z] GET /api/v1/admin/oms
[2026-08-02T22:35:58.001Z] GET /api/v1/admin/oms
[2026-08-02T22:35:58.005Z] OPTIONS /api/v1/admin/oms/stats
[2026-08-02T22:35:58.007Z] GET /api/v1/admin/oms/stats
[2026-08-02T22:35:58.053Z] GET /api/v1/admin/oms/stats
[2026-08-02T22:35:58.710Z] OPTIONS /api/v1/admin/articulos
[2026-08-02T22:35:58.712Z] OPTIONS /api/v1/admin/articulos
[2026-08-02T22:35:58.716Z] GET /api/v1/admin/articulos
[2026-08-02T22:35:58.734Z] GET /api/v1/admin/articulos
[2026-08-02T22:35:58.738Z] OPTIONS /api/v1/admin/articulos/stats
[2026-08-02T22:35:58.741Z] GET /api/v1/admin/articulos/stats
[2026-08-02T22:35:58.756Z] GET /api/v1/admin/articulos/stats
[2026-08-02T22:36:00.386Z] OPTIONS /api/v1/admin/administradores
[2026-08-02T22:36:00.388Z] OPTIONS /api/v1/admin/administradores
[2026-08-02T22:36:00.390Z] GET /api/v1/admin/administradores
[2026-08-02T22:36:00.399Z] GET /api/v1/admin/administradores
[2026-08-02T22:36:00.406Z] OPTIONS /api/v1/admin/administradores/stats
[2026-08-02T22:36:00.408Z] GET /api/v1/admin/administradores/stats
[2026-08-02T22:36:00.423Z] GET /api/v1/admin/administradores/stats
[2026-08-02T22:37:08.867Z] OPTIONS /api/v1/admin/administradores
[2026-08-02T22:37:08.872Z] GET /api/v1/admin/administradores
[2026-08-02T22:37:08.913Z] OPTIONS /api/v1/admin/administradores/stats
[2026-08-02T22:37:08.916Z] GET /api/v1/admin/administradores/stats
[2026-08-02T22:37:37.560Z] OPTIONS /api/v1/admin/bitacora
[2026-08-02T22:37:37.563Z] OPTIONS /api/v1/admin/bitacora
[2026-08-02T22:37:37.567Z] GET /api/v1/admin/bitacora
[2026-08-02T22:37:37.621Z] GET /api/v1/admin/bitacora
[2026-08-02T22:37:38.200Z] OPTIONS /api/v1/admin/oms
[2026-08-02T22:37:38.202Z] OPTIONS /api/v1/admin/oms
[2026-08-02T22:37:38.204Z] GET /api/v1/admin/oms
[2026-08-02T22:37:38.213Z] GET /api/v1/admin/oms
[2026-08-02T22:37:38.217Z] OPTIONS /api/v1/admin/oms/stats
[2026-08-02T22:37:38.222Z] GET /api/v1/admin/oms/stats
[2026-08-02T22:37:38.230Z] GET /api/v1/admin/oms/stats
[2026-08-02T22:37:50.028Z] OPTIONS /api/v1/admin/usuarios
[2026-08-02T22:37:50.030Z] OPTIONS /api/v1/admin/usuarios
[2026-08-02T22:37:50.032Z] GET /api/v1/admin/usuarios
[2026-08-02T22:37:50.072Z] GET /api/v1/admin/usuarios
[2026-08-02T22:37:50.075Z] OPTIONS /api/v1/admin/usuarios/stats
[2026-08-02T22:37:50.077Z] GET /api/v1/admin/usuarios/stats
[2026-08-02T22:37:50.114Z] GET /api/v1/admin/usuarios/stats
[2026-08-02T22:43:44.244Z] OPTIONS /api/v1/admin/usuarios
[2026-08-02T22:43:44.258Z] GET /api/v1/admin/usuarios
[2026-08-02T22:43:44.334Z] OPTIONS /api/v1/admin/usuarios/stats
[2026-08-02T22:43:44.338Z] GET /api/v1/admin/usuarios/stats
[2026-08-02T22:46:24.039Z] OPTIONS /api/v1/admin/usuarios
[2026-08-02T22:46:24.042Z] OPTIONS /api/v1/admin/usuarios
[2026-08-02T22:46:24.047Z] GET /api/v1/admin/usuarios
[2026-08-02T22:46:24.087Z] GET /api/v1/admin/usuarios
[2026-08-02T22:46:24.105Z] OPTIONS /api/v1/admin/usuarios/stats
[2026-08-02T22:46:24.108Z] OPTIONS /api/v1/admin/usuarios/stats
[2026-08-02T22:46:24.109Z] GET /api/v1/admin/usuarios/stats
[2026-08-02T22:46:24.121Z] GET /api/v1/admin/usuarios/stats
[2026-08-02T22:47:13.003Z] OPTIONS /api/v1/admin/usuarios
[2026-08-02T22:47:13.007Z] GET /api/v1/admin/usuarios
[2026-08-02T22:47:13.055Z] OPTIONS /api/v1/admin/usuarios/stats
[2026-08-02T22:47:13.058Z] GET /api/v1/admin/usuarios/stats
[2026-08-02T23:01:28.173Z] OPTIONS /api/auth/login
[2026-08-02T23:01:28.177Z] POST /api/auth/login
-> RESPONSE ERROR: 401
[2026-08-02T23:01:32.913Z] POST /api/auth/login
-> RESPONSE ERROR: 401
[2026-08-02T23:01:38.625Z] OPTIONS /api/auth/login
[2026-08-02T23:01:38.628Z] POST /api/auth/login
[2026-08-02T23:01:38.912Z] OPTIONS /api/profiles/babies
[2026-08-02T23:01:38.914Z] OPTIONS /api/v1/directorio/previsiones
[2026-08-02T23:01:38.916Z] OPTIONS /api/profiles/babies
[2026-08-02T23:01:38.918Z] OPTIONS /api/v1/directorio/previsiones
[2026-08-02T23:01:38.922Z] GET /api/v1/directorio/previsiones
[2026-08-02T23:01:38.925Z] GET /api/profiles/babies
[2026-08-02T23:01:38.932Z] GET /api/v1/directorio/previsiones
[2026-08-02T23:01:38.953Z] GET /api/profiles/babies
[2026-08-02T23:01:40.597Z] OPTIONS /api/v1/home/73716e25-dc84-47cd-ada9-773fcc828f2f
[2026-08-02T23:01:40.599Z] OPTIONS /api/v1/home/73716e25-dc84-47cd-ada9-773fcc828f2f
[2026-08-02T23:01:40.601Z] GET /api/v1/home/73716e25-dc84-47cd-ada9-773fcc828f2f
[2026-08-02T23:01:40.646Z] GET /api/v1/home/73716e25-dc84-47cd-ada9-773fcc828f2f
[2026-08-03T00:54:39.406Z] OPTIONS /api/v1/home/73716e25-dc84-47cd-ada9-773fcc828f2f
[2026-08-03T00:54:39.471Z] GET /api/v1/home/73716e25-dc84-47cd-ada9-773fcc828f2f
[2026-08-03T00:54:39.531Z] OPTIONS /api/v1/home/73716e25-dc84-47cd-ada9-773fcc828f2f
[2026-08-03T00:54:40.110Z] GET /api/v1/home/73716e25-dc84-47cd-ada9-773fcc828f2f
[2026-08-03T00:54:57.465Z] OPTIONS /api/v1/admin/usuarios
[2026-08-03T00:54:57.469Z] OPTIONS /api/v1/admin/usuarios
[2026-08-03T00:54:57.471Z] GET /api/v1/admin/usuarios
[2026-08-03T00:55:42.447Z] OPTIONS /api/v1/admin/vacunas
[2026-08-03T00:55:42.455Z] OPTIONS /api/v1/admin/vacunas
[2026-08-03T00:55:42.458Z] GET /api/v1/admin/vacunas
[2026-08-03T00:55:42.652Z] GET /api/v1/admin/vacunas
[2026-08-03T00:55:45.410Z] OPTIONS /api/v1/admin/usuarios
[2026-08-03T00:55:45.412Z] OPTIONS /api/v1/admin/usuarios
[2026-08-03T00:55:45.417Z] GET /api/v1/admin/usuarios
[2026-08-03T00:55:45.458Z] GET /api/v1/admin/usuarios
[2026-08-03T00:55:45.464Z] OPTIONS /api/v1/admin/usuarios/stats
[2026-08-03T00:55:45.467Z] GET /api/v1/admin/usuarios/stats
[2026-08-03T00:55:45.556Z] GET /api/v1/admin/usuarios/stats
[2026-08-03T00:56:45.143Z] OPTIONS /api/v1/admin/administradores
[2026-08-03T00:56:45.147Z] OPTIONS /api/v1/admin/administradores
[2026-08-03T00:56:45.152Z] GET /api/v1/admin/administradores
[2026-08-03T00:56:45.216Z] GET /api/v1/admin/administradores
[2026-08-03T00:56:45.222Z] OPTIONS /api/v1/admin/administradores/stats
[2026-08-03T00:56:45.226Z] GET /api/v1/admin/administradores/stats
[2026-08-03T00:56:45.240Z] GET /api/v1/admin/administradores/stats
[2026-08-03T00:56:48.929Z] OPTIONS /api/v1/admin/dashboard/stats
[2026-08-03T00:56:48.931Z] OPTIONS /api/v1/admin/dashboard/stats
[2026-08-03T00:56:48.934Z] GET /api/v1/admin/dashboard/stats
[2026-08-03T00:56:48.950Z] GET /api/v1/admin/dashboard/stats
[2026-08-03T00:56:50.692Z] OPTIONS /api/v1/admin/directorio/medicos
[2026-08-03T00:56:50.695Z] OPTIONS /api/v1/admin/directorio/medicos
[2026-08-03T00:56:50.698Z] GET /api/v1/admin/directorio/medicos
[2026-08-03T00:56:50.709Z] GET /api/v1/admin/directorio/medicos
[2026-08-03T00:56:52.868Z] OPTIONS /api/v1/admin/directorio/especialidades
[2026-08-03T00:56:52.870Z] OPTIONS /api/v1/admin/directorio/especialidades
[2026-08-03T00:56:52.872Z] GET /api/v1/admin/directorio/especialidades
[2026-08-03T00:56:52.883Z] GET /api/v1/admin/directorio/especialidades
[2026-08-03T00:56:52.887Z] OPTIONS /api/v1/admin/directorio/especialidades/stats
[2026-08-03T00:56:52.891Z] GET /api/v1/admin/directorio/especialidades/stats
[2026-08-03T00:56:52.905Z] GET /api/v1/admin/directorio/especialidades/stats
[2026-08-03T00:56:54.018Z] OPTIONS /api/v1/admin/directorio/prevision
[2026-08-03T00:56:54.019Z] OPTIONS /api/v1/admin/directorio/prevision
[2026-08-03T00:56:54.022Z] GET /api/v1/admin/directorio/prevision
[2026-08-03T00:56:54.030Z] GET /api/v1/admin/directorio/prevision
[2026-08-03T00:56:56.551Z] OPTIONS /api/v1/admin/directorio/centros
[2026-08-03T00:56:56.553Z] OPTIONS /api/v1/admin/directorio/centros
[2026-08-03T00:56:56.555Z] GET /api/v1/admin/directorio/centros
[2026-08-03T00:56:56.563Z] GET /api/v1/admin/directorio/centros
[2026-08-03T00:57:00.050Z] OPTIONS /api/v1/admin/oms
[2026-08-03T00:57:00.052Z] OPTIONS /api/v1/admin/oms
[2026-08-03T00:57:00.055Z] GET /api/v1/admin/oms
[2026-08-03T00:57:00.069Z] GET /api/v1/admin/oms
[2026-08-03T00:57:00.073Z] OPTIONS /api/v1/admin/oms/stats
[2026-08-03T00:57:00.077Z] GET /api/v1/admin/oms/stats
[2026-08-03T00:57:00.116Z] GET /api/v1/admin/oms/stats
[2026-08-03T00:57:03.756Z] OPTIONS /api/v1/admin/articulos
[2026-08-03T00:57:03.757Z] OPTIONS /api/v1/admin/articulos
[2026-08-03T00:57:03.763Z] GET /api/v1/admin/articulos
[2026-08-03T00:57:03.773Z] GET /api/v1/admin/articulos
[2026-08-03T00:57:03.778Z] OPTIONS /api/v1/admin/articulos/stats
[2026-08-03T00:57:03.782Z] GET /api/v1/admin/articulos/stats
[2026-08-03T00:57:03.794Z] GET /api/v1/admin/articulos/stats
[2026-08-03T00:57:07.353Z] OPTIONS /api/v1/admin/oms
[2026-08-03T00:57:07.355Z] OPTIONS /api/v1/admin/oms
[2026-08-03T00:57:07.411Z] GET /api/v1/admin/oms
[2026-08-03T00:57:07.418Z] GET /api/v1/admin/oms
[2026-08-03T00:57:07.421Z] OPTIONS /api/v1/admin/oms/stats
[2026-08-03T00:57:07.424Z] GET /api/v1/admin/oms/stats
[2026-08-03T00:57:07.432Z] GET /api/v1/admin/oms/stats
[2026-08-03T00:59:48.589Z] OPTIONS /api/v1/admin/articulos
[2026-08-03T00:59:48.597Z] OPTIONS /api/v1/admin/articulos
[2026-08-03T00:59:48.600Z] GET /api/v1/admin/articulos
[2026-08-03T00:59:48.659Z] GET /api/v1/admin/articulos
[2026-08-03T00:59:48.663Z] OPTIONS /api/v1/admin/articulos/stats
[2026-08-03T00:59:48.666Z] GET /api/v1/admin/articulos/stats
[2026-08-03T00:59:48.707Z] GET /api/v1/admin/articulos/stats
[2026-08-03T00:59:49.841Z] OPTIONS /api/v1/admin/usuarios
[2026-08-03T00:59:49.843Z] OPTIONS /api/v1/admin/usuarios
[2026-08-03T00:59:49.845Z] GET /api/v1/admin/usuarios
[2026-08-03T00:59:49.861Z] GET /api/v1/admin/usuarios
[2026-08-03T00:59:49.864Z] OPTIONS /api/v1/admin/usuarios/stats
[2026-08-03T00:59:49.868Z] GET /api/v1/admin/usuarios/stats
[2026-08-03T00:59:49.881Z] GET /api/v1/admin/usuarios/stats
[2026-08-03T01:07:05.644Z] OPTIONS /api/v1/admin/usuarios
[2026-08-03T01:07:05.649Z] GET /api/v1/admin/usuarios
[2026-08-03T01:07:05.709Z] OPTIONS /api/v1/admin/usuarios/stats
[2026-08-03T01:07:05.713Z] GET /api/v1/admin/usuarios/stats
[2026-08-03T01:07:58.089Z] OPTIONS /api/v1/admin/administradores
[2026-08-03T01:07:58.092Z] OPTIONS /api/v1/admin/administradores
[2026-08-03T01:07:58.094Z] GET /api/v1/admin/administradores
[2026-08-03T01:07:58.128Z] GET /api/v1/admin/administradores
[2026-08-03T01:07:58.131Z] OPTIONS /api/v1/admin/administradores/stats
[2026-08-03T01:07:58.134Z] GET /api/v1/admin/administradores/stats
[2026-08-03T01:07:58.176Z] GET /api/v1/admin/administradores/stats
[2026-08-03T01:10:27.384Z] OPTIONS /api/v1/admin/dashboard/stats
[2026-08-03T01:10:27.388Z] OPTIONS /api/v1/admin/dashboard/stats
[2026-08-03T01:10:27.393Z] GET /api/v1/admin/dashboard/stats
[2026-08-03T01:10:27.431Z] GET /api/v1/admin/dashboard/stats
[2026-08-03T01:10:51.465Z] OPTIONS /api/v1/admin/administradores
[2026-08-03T01:10:51.467Z] OPTIONS /api/v1/admin/administradores
[2026-08-03T01:10:51.471Z] GET /api/v1/admin/administradores
[2026-08-03T01:10:51.506Z] GET /api/v1/admin/administradores
[2026-08-03T01:10:51.509Z] OPTIONS /api/v1/admin/administradores/stats
[2026-08-03T01:10:51.515Z] GET /api/v1/admin/administradores/stats
[2026-08-03T01:10:51.526Z] GET /api/v1/admin/administradores/stats
[2026-08-03T01:11:36.276Z] OPTIONS /api/v1/admin/administradores
[2026-08-03T01:11:36.279Z] POST /api/v1/admin/administradores
[2026-08-03T01:11:49.133Z] OPTIONS /api/v1/admin/administradores
[2026-08-03T01:11:49.136Z] GET /api/v1/admin/administradores
[2026-08-03T01:11:49.224Z] OPTIONS /api/v1/admin/administradores/stats
[2026-08-03T01:11:49.242Z] GET /api/v1/admin/administradores/stats
[2026-08-03T01:11:56.990Z] OPTIONS /api/v1/admin/administradores/2bf7c44a-1bb1-46ba-8cad-a62dd74251d9
[2026-08-03T01:11:56.994Z] DELETE /api/v1/admin/administradores/2bf7c44a-1bb1-46ba-8cad-a62dd74251d9
[2026-08-03T01:12:11.763Z] OPTIONS /api/v1/admin/usuarios
[2026-08-03T01:12:11.765Z] OPTIONS /api/v1/admin/usuarios
[2026-08-03T01:12:11.768Z] GET /api/v1/admin/usuarios
[2026-08-03T01:12:11.808Z] GET /api/v1/admin/usuarios
[2026-08-03T01:12:11.811Z] OPTIONS /api/v1/admin/usuarios/stats
[2026-08-03T01:12:11.814Z] GET /api/v1/admin/usuarios/stats
[2026-08-03T01:12:11.854Z] GET /api/v1/admin/usuarios/stats
[2026-08-03T01:13:49.052Z] OPTIONS /api/v1/admin/usuarios/addba825-98bd-414d-af14-fed406fffc57
[2026-08-03T01:13:49.059Z] PUT /api/v1/admin/usuarios/addba825-98bd-414d-af14-fed406fffc57
[2026-08-03T01:13:49.101Z] OPTIONS /api/v1/admin/usuarios
[2026-08-03T01:13:49.104Z] GET /api/v1/admin/usuarios
[2026-08-03T01:13:49.119Z] OPTIONS /api/v1/admin/usuarios/stats
[2026-08-03T01:13:49.123Z] GET /api/v1/admin/usuarios/stats
[2026-08-03T01:14:18.199Z] OPTIONS /api/v1/admin/vacunas
[2026-08-03T01:14:18.201Z] OPTIONS /api/v1/admin/vacunas
[2026-08-03T01:14:18.203Z] GET /api/v1/admin/vacunas
[2026-08-03T01:14:18.235Z] GET /api/v1/admin/vacunas
[2026-08-03T01:14:20.426Z] OPTIONS /api/v1/admin/directorio/medicos
[2026-08-03T01:14:20.428Z] OPTIONS /api/v1/admin/directorio/medicos
[2026-08-03T01:14:20.431Z] GET /api/v1/admin/directorio/medicos
[2026-08-03T01:14:20.445Z] GET /api/v1/admin/directorio/medicos
[2026-08-03T01:14:39.586Z] OPTIONS /api/v1/admin/directorio/especialidades
[2026-08-03T01:14:39.589Z] OPTIONS /api/v1/admin/directorio/especialidades
[2026-08-03T01:14:39.594Z] GET /api/v1/admin/directorio/especialidades
[2026-08-03T01:14:39.623Z] GET /api/v1/admin/directorio/especialidades
[2026-08-03T01:14:39.625Z] OPTIONS /api/v1/admin/directorio/especialidades/stats
[2026-08-03T01:14:39.628Z] GET /api/v1/admin/directorio/especialidades/stats
[2026-08-03T01:14:39.671Z] GET /api/v1/admin/directorio/especialidades/stats
[2026-08-03T01:14:47.623Z] OPTIONS /api/v1/admin/directorio/prevision
[2026-08-03T01:14:47.626Z] OPTIONS /api/v1/admin/directorio/prevision
[2026-08-03T01:14:47.628Z] GET /api/v1/admin/directorio/prevision
[2026-08-03T01:14:47.639Z] GET /api/v1/admin/directorio/prevision
[2026-08-03T01:14:53.016Z] OPTIONS /api/v1/admin/directorio/centros
[2026-08-03T01:14:53.018Z] OPTIONS /api/v1/admin/directorio/centros
[2026-08-03T01:14:53.020Z] GET /api/v1/admin/directorio/centros
[2026-08-03T01:14:53.031Z] GET /api/v1/admin/directorio/centros
[2026-08-03T01:14:55.535Z] OPTIONS /api/v1/admin/articulos
[2026-08-03T01:14:55.537Z] OPTIONS /api/v1/admin/articulos
[2026-08-03T01:14:55.538Z] GET /api/v1/admin/articulos
[2026-08-03T01:14:55.548Z] GET /api/v1/admin/articulos
[2026-08-03T01:14:55.553Z] OPTIONS /api/v1/admin/articulos/stats
[2026-08-03T01:14:55.556Z] GET /api/v1/admin/articulos/stats
[2026-08-03T01:14:55.570Z] GET /api/v1/admin/articulos/stats
[2026-08-03T01:14:57.884Z] OPTIONS /api/v1/admin/oms
[2026-08-03T01:14:57.886Z] OPTIONS /api/v1/admin/oms
[2026-08-03T01:14:57.888Z] GET /api/v1/admin/oms
[2026-08-03T01:14:57.897Z] GET /api/v1/admin/oms
[2026-08-03T01:14:57.901Z] OPTIONS /api/v1/admin/oms/stats
[2026-08-03T01:14:57.904Z] GET /api/v1/admin/oms/stats
[2026-08-03T01:14:57.940Z] GET /api/v1/admin/oms/stats
[2026-08-03T01:15:04.547Z] OPTIONS /api/v1/admin/bitacora
[2026-08-03T01:15:04.548Z] OPTIONS /api/v1/admin/bitacora
[2026-08-03T01:15:04.552Z] GET /api/v1/admin/bitacora
[2026-08-03T01:15:04.567Z] GET /api/v1/admin/bitacora
[2026-08-03T01:15:06.861Z] OPTIONS /api/v1/admin/oms
[2026-08-03T01:15:06.864Z] OPTIONS /api/v1/admin/oms
[2026-08-03T01:15:06.867Z] GET /api/v1/admin/oms
[2026-08-03T01:15:06.877Z] GET /api/v1/admin/oms
[2026-08-03T01:15:06.883Z] OPTIONS /api/v1/admin/oms/stats
[2026-08-03T01:15:06.886Z] GET /api/v1/admin/oms/stats
[2026-08-03T01:15:06.893Z] GET /api/v1/admin/oms/stats
[2026-08-03T01:15:36.074Z] OPTIONS /api/v1/admin/bitacora
[2026-08-03T01:15:36.079Z] OPTIONS /api/v1/admin/bitacora
[2026-08-03T01:15:36.081Z] GET /api/v1/admin/bitacora
[2026-08-03T01:15:36.112Z] GET /api/v1/admin/bitacora
[2026-08-03T01:15:48.307Z] OPTIONS /api/v1/admin/comunidad/foros
[2026-08-03T01:15:48.309Z] OPTIONS /api/v1/admin/comunidad/foros
[2026-08-03T01:15:48.310Z] GET /api/v1/admin/comunidad/foros
[2026-08-03T01:15:48.342Z] GET /api/v1/admin/comunidad/foros
[2026-08-03T01:15:48.346Z] OPTIONS /api/v1/admin/comunidad/stats
[2026-08-03T01:15:48.349Z] GET /api/v1/admin/comunidad/stats
[2026-08-03T01:15:48.357Z] GET /api/v1/admin/comunidad/stats
[2026-08-03T01:15:53.267Z] OPTIONS /api/v1/admin/comunidad/foros/fd0238b1-9471-46b9-9515-1c51979280ff/comentarios
[2026-08-03T01:15:53.272Z] GET /api/v1/admin/comunidad/foros/fd0238b1-9471-46b9-9515-1c51979280ff/comentarios
[2026-08-03T01:16:14.666Z] OPTIONS /api/v1/home/73716e25-dc84-47cd-ada9-773fcc828f2f
[2026-08-03T01:16:14.671Z] OPTIONS /api/v1/home/73716e25-dc84-47cd-ada9-773fcc828f2f
[2026-08-03T01:16:14.674Z] GET /api/v1/home/73716e25-dc84-47cd-ada9-773fcc828f2f
[2026-08-03T01:16:14.735Z] GET /api/v1/home/73716e25-dc84-47cd-ada9-773fcc828f2f
[2026-08-03T01:16:17.945Z] OPTIONS /api/v1/comunidad/foros
[2026-08-03T01:16:17.947Z] OPTIONS /api/v1/comunidad/articulos
[2026-08-03T01:16:17.949Z] OPTIONS /api/v1/comunidad/foros
[2026-08-03T01:16:17.951Z] OPTIONS /api/v1/comunidad/articulos
[2026-08-03T01:16:17.953Z] GET /api/v1/comunidad/foros
[2026-08-03T01:16:17.956Z] GET /api/v1/comunidad/articulos
[2026-08-03T01:16:17.962Z] GET /api/v1/comunidad/foros
[2026-08-03T01:16:17.982Z] GET /api/v1/comunidad/articulos
[2026-08-03T01:16:21.056Z] OPTIONS /api/v1/comunidad/foros/fd0238b1-9471-46b9-9515-1c51979280ff
[2026-08-03T01:16:21.057Z] OPTIONS /api/v1/comunidad/foros/fd0238b1-9471-46b9-9515-1c51979280ff
[2026-08-03T01:16:21.059Z] GET /api/v1/comunidad/foros/fd0238b1-9471-46b9-9515-1c51979280ff
[2026-08-03T01:16:21.069Z] GET /api/v1/comunidad/foros/fd0238b1-9471-46b9-9515-1c51979280ff
[2026-08-03T01:16:28.253Z] OPTIONS /api/v1/comunidad/foros/fd0238b1-9471-46b9-9515-1c51979280ff/respuestas
[2026-08-03T01:16:28.257Z] POST /api/v1/comunidad/foros/fd0238b1-9471-46b9-9515-1c51979280ff/respuestas
[2026-08-03T01:16:28.279Z] OPTIONS /api/v1/comunidad/foros/fd0238b1-9471-46b9-9515-1c51979280ff
[2026-08-03T01:16:28.282Z] GET /api/v1/comunidad/foros/fd0238b1-9471-46b9-9515-1c51979280ff
[2026-08-03T01:16:32.739Z] OPTIONS /api/v1/admin/bitacora
[2026-08-03T01:16:32.741Z] OPTIONS /api/v1/admin/bitacora
[2026-08-03T01:16:32.743Z] GET /api/v1/admin/bitacora
[2026-08-03T01:16:32.753Z] GET /api/v1/admin/bitacora
[2026-08-03T01:16:33.501Z] OPTIONS /api/v1/admin/comunidad/foros
[2026-08-03T01:16:33.503Z] OPTIONS /api/v1/admin/comunidad/foros
[2026-08-03T01:16:33.504Z] GET /api/v1/admin/comunidad/foros
[2026-08-03T01:16:33.515Z] GET /api/v1/admin/comunidad/foros
[2026-08-03T01:16:33.519Z] OPTIONS /api/v1/admin/comunidad/stats
[2026-08-03T01:16:33.522Z] GET /api/v1/admin/comunidad/stats
[2026-08-03T01:16:33.554Z] GET /api/v1/admin/comunidad/stats
[2026-08-03T01:16:37.740Z] OPTIONS /api/v1/admin/comunidad/foros/fd0238b1-9471-46b9-9515-1c51979280ff/comentarios
[2026-08-03T01:16:37.743Z] GET /api/v1/admin/comunidad/foros/fd0238b1-9471-46b9-9515-1c51979280ff/comentarios
[2026-08-03T01:18:16.920Z] OPTIONS /api/v1/comunidad/foros
[2026-08-03T01:18:16.923Z] OPTIONS /api/v1/comunidad/articulos
[2026-08-03T01:18:16.926Z] OPTIONS /api/v1/comunidad/foros
[2026-08-03T01:18:16.928Z] OPTIONS /api/v1/comunidad/articulos
[2026-08-03T01:18:16.930Z] GET /api/v1/comunidad/foros
[2026-08-03T01:18:16.934Z] GET /api/v1/comunidad/articulos
[2026-08-03T01:18:16.964Z] GET /api/v1/comunidad/articulos
[2026-08-03T01:18:16.967Z] GET /api/v1/comunidad/foros
[2026-08-03T01:18:28.570Z] OPTIONS /api/v1/comunidad/foros/55edb43f-084a-4549-ad40-aced9614d8de/like
[2026-08-03T01:18:28.572Z] POST /api/v1/comunidad/foros/55edb43f-084a-4549-ad40-aced9614d8de/like
[2026-08-03T01:18:28.609Z] OPTIONS /api/v1/comunidad/foros
[2026-08-03T01:18:28.610Z] OPTIONS /api/v1/comunidad/articulos
[2026-08-03T01:18:28.611Z] GET /api/v1/comunidad/foros
[2026-08-03T01:18:28.612Z] GET /api/v1/comunidad/articulos
[2026-08-03T01:18:30.151Z] POST /api/v1/comunidad/foros/55edb43f-084a-4549-ad40-aced9614d8de/like
[2026-08-03T01:18:30.168Z] GET /api/v1/comunidad/foros
[2026-08-03T01:18:30.169Z] GET /api/v1/comunidad/articulos
[2026-08-03T01:18:51.868Z] OPTIONS /api/v1/comunidad/articulos/079dc23a-d55f-478d-8b0c-e042af62b958
[2026-08-03T01:18:51.873Z] OPTIONS /api/v1/comunidad/articulos/079dc23a-d55f-478d-8b0c-e042af62b958
[2026-08-03T01:18:51.876Z] GET /api/v1/comunidad/articulos/079dc23a-d55f-478d-8b0c-e042af62b958
[2026-08-03T01:18:51.905Z] GET /api/v1/comunidad/articulos/079dc23a-d55f-478d-8b0c-e042af62b958
[2026-08-03T01:19:01.203Z] OPTIONS /api/v1/comunidad/foros
[2026-08-03T01:19:01.206Z] OPTIONS /api/v1/comunidad/articulos
[2026-08-03T01:19:01.208Z] OPTIONS /api/v1/comunidad/foros
[2026-08-03T01:19:01.210Z] OPTIONS /api/v1/comunidad/articulos
[2026-08-03T01:19:01.213Z] GET /api/v1/comunidad/foros
[2026-08-03T01:19:01.217Z] GET /api/v1/comunidad/articulos
[2026-08-03T01:19:01.224Z] GET /api/v1/comunidad/foros
[2026-08-03T01:19:01.240Z] GET /api/v1/comunidad/articulos
[2026-08-03T01:19:10.011Z] OPTIONS /api/v1/comunidad/foros
[2026-08-03T01:19:10.016Z] OPTIONS /api/v1/comunidad/articulos
[2026-08-03T01:19:10.018Z] OPTIONS /api/v1/comunidad/foros
[2026-08-03T01:19:10.020Z] OPTIONS /api/v1/comunidad/articulos
[2026-08-03T01:19:10.023Z] GET /api/v1/comunidad/foros
[2026-08-03T01:19:10.027Z] GET /api/v1/comunidad/articulos
[2026-08-03T01:19:10.034Z] GET /api/v1/comunidad/articulos
[2026-08-03T01:19:10.038Z] GET /api/v1/comunidad/foros
[2026-08-03T01:21:45.667Z] OPTIONS /api/v1/admin/administradores
[2026-08-03T01:21:45.669Z] OPTIONS /api/v1/admin/administradores
[2026-08-03T01:21:45.671Z] GET /api/v1/admin/administradores
[2026-08-03T01:21:45.704Z] GET /api/v1/admin/administradores
[2026-08-03T01:21:45.707Z] OPTIONS /api/v1/admin/administradores/stats
[2026-08-03T01:21:45.710Z] GET /api/v1/admin/administradores/stats
[2026-08-03T01:21:45.743Z] GET /api/v1/admin/administradores/stats
[2026-08-03T01:21:50.056Z] OPTIONS /api/v1/admin/usuarios
[2026-08-03T01:21:50.058Z] OPTIONS /api/v1/admin/usuarios
[2026-08-03T01:21:50.061Z] GET /api/v1/admin/usuarios
[2026-08-03T01:21:50.074Z] GET /api/v1/admin/usuarios
[2026-08-03T01:21:50.077Z] OPTIONS /api/v1/admin/usuarios/stats
[2026-08-03T01:21:50.079Z] GET /api/v1/admin/usuarios/stats
[2026-08-03T01:21:50.090Z] GET /api/v1/admin/usuarios/stats
[2026-08-03T01:22:02.713Z] OPTIONS /api/v1/comunidad/foros
[2026-08-03T01:22:02.716Z] OPTIONS /api/v1/comunidad/articulos
[2026-08-03T01:22:02.717Z] OPTIONS /api/v1/comunidad/foros
[2026-08-03T01:22:02.720Z] OPTIONS /api/v1/comunidad/articulos
[2026-08-03T01:22:02.726Z] GET /api/v1/comunidad/foros
[2026-08-03T01:22:02.729Z] GET /api/v1/comunidad/articulos
[2026-08-03T01:22:02.755Z] GET /api/v1/comunidad/articulos
[2026-08-03T01:22:02.758Z] GET /api/v1/comunidad/foros
[2026-08-03T01:44:28.930Z] OPTIONS /api/v1/admin/auth/login
[2026-08-03T01:44:28.938Z] POST /api/v1/admin/auth/login
[2026-08-03T01:44:32.349Z] OPTIONS /api/v1/admin/auth/verificar-2fa
[2026-08-03T01:44:32.351Z] POST /api/v1/admin/auth/verificar-2fa
[2026-08-03T01:44:32.418Z] OPTIONS /api/v1/admin/dashboard/stats
[2026-08-03T01:44:32.421Z] OPTIONS /api/v1/admin/dashboard/stats
[2026-08-03T01:44:32.426Z] GET /api/v1/admin/dashboard/stats
[2026-08-03T01:44:32.447Z] GET /api/v1/admin/dashboard/stats
[2026-08-03T01:44:35.171Z] OPTIONS /api/v1/admin/directorio/especialidades
[2026-08-03T01:44:35.172Z] OPTIONS /api/v1/admin/directorio/especialidades
[2026-08-03T01:44:35.179Z] GET /api/v1/admin/directorio/especialidades
[2026-08-03T01:44:35.191Z] GET /api/v1/admin/directorio/especialidades
[2026-08-03T01:44:35.194Z] OPTIONS /api/v1/admin/directorio/especialidades/stats
[2026-08-03T01:44:35.197Z] GET /api/v1/admin/directorio/especialidades/stats
[2026-08-03T01:44:35.212Z] GET /api/v1/admin/directorio/especialidades/stats
[2026-08-03T01:44:36.389Z] OPTIONS /api/v1/admin/directorio/centros
[2026-08-03T01:44:36.390Z] OPTIONS /api/v1/admin/directorio/centros
[2026-08-03T01:44:36.392Z] GET /api/v1/admin/directorio/centros
[2026-08-03T01:44:36.399Z] GET /api/v1/admin/directorio/centros
[2026-08-03T01:44:37.958Z] OPTIONS /api/v1/admin/articulos
[2026-08-03T01:44:37.959Z] OPTIONS /api/v1/admin/articulos
[2026-08-03T01:44:37.962Z] GET /api/v1/admin/articulos
[2026-08-03T01:44:37.974Z] GET /api/v1/admin/articulos
[2026-08-03T01:44:37.977Z] OPTIONS /api/v1/admin/articulos/stats
[2026-08-03T01:44:37.981Z] GET /api/v1/admin/articulos/stats
[2026-08-03T01:44:37.998Z] GET /api/v1/admin/articulos/stats
[2026-08-03T01:44:45.459Z] OPTIONS /api/v1/admin/comunidad/foros
[2026-08-03T01:44:45.461Z] OPTIONS /api/v1/admin/comunidad/foros
[2026-08-03T01:44:45.463Z] GET /api/v1/admin/comunidad/foros
[2026-08-03T01:44:45.478Z] GET /api/v1/admin/comunidad/foros
[2026-08-03T01:44:45.482Z] OPTIONS /api/v1/admin/comunidad/stats
[2026-08-03T01:44:45.486Z] GET /api/v1/admin/comunidad/stats
[2026-08-03T01:44:45.495Z] GET /api/v1/admin/comunidad/stats
[2026-08-03T01:51:46.510Z] OPTIONS /api/v1/admin/comunidad/foros
[2026-08-03T01:51:46.529Z] GET /api/v1/admin/comunidad/foros
[2026-08-03T01:51:46.578Z] OPTIONS /api/v1/admin/comunidad/stats
[2026-08-03T01:51:46.581Z] GET /api/v1/admin/comunidad/stats
[2026-08-03T01:52:33.650Z] OPTIONS /api/v1/admin/comunidad/foros/fd0238b1-9471-46b9-9515-1c51979280ff/comentarios
[2026-08-03T01:52:33.654Z] GET /api/v1/admin/comunidad/foros/fd0238b1-9471-46b9-9515-1c51979280ff/comentarios
[2026-08-03T01:52:51.377Z] OPTIONS /api/v1/admin/comunidad/foros/fd0238b1-9471-46b9-9515-1c51979280ff/comentarios
[2026-08-03T01:52:51.379Z] POST /api/v1/admin/comunidad/foros/fd0238b1-9471-46b9-9515-1c51979280ff/comentarios
[2026-08-03T01:52:51.448Z] OPTIONS /api/v1/admin/comunidad/foros
[2026-08-03T01:52:51.452Z] GET /api/v1/admin/comunidad/foros
[2026-08-03T01:52:51.464Z] OPTIONS /api/v1/admin/comunidad/stats
[2026-08-03T01:52:51.467Z] GET /api/v1/admin/comunidad/stats
[2026-08-03T01:53:07.093Z] OPTIONS /api/auth/login
[2026-08-03T01:53:07.096Z] POST /api/auth/login
[2026-08-03T01:53:07.389Z] OPTIONS /api/profiles/babies
[2026-08-03T01:53:07.391Z] OPTIONS /api/v1/directorio/previsiones
[2026-08-03T01:53:07.393Z] OPTIONS /api/profiles/babies
[2026-08-03T01:53:07.395Z] OPTIONS /api/v1/directorio/previsiones
[2026-08-03T01:53:07.399Z] GET /api/v1/directorio/previsiones
[2026-08-03T01:53:07.401Z] GET /api/profiles/babies
[2026-08-03T01:53:07.408Z] GET /api/v1/directorio/previsiones
[2026-08-03T01:53:07.426Z] GET /api/profiles/babies
[2026-08-03T01:53:09.002Z] OPTIONS /api/v1/home/f69ada2a-545a-4839-9d1b-97577dc1b9b3
[2026-08-03T01:53:09.004Z] OPTIONS /api/v1/home/f69ada2a-545a-4839-9d1b-97577dc1b9b3
[2026-08-03T01:53:09.006Z] GET /api/v1/home/f69ada2a-545a-4839-9d1b-97577dc1b9b3
[2026-08-03T01:53:09.034Z] GET /api/v1/home/f69ada2a-545a-4839-9d1b-97577dc1b9b3
[2026-08-03T01:53:10.936Z] OPTIONS /api/v1/comunidad/foros
[2026-08-03T01:53:10.937Z] OPTIONS /api/v1/comunidad/articulos
[2026-08-03T01:53:10.939Z] OPTIONS /api/v1/comunidad/foros
[2026-08-03T01:53:10.941Z] OPTIONS /api/v1/comunidad/articulos
[2026-08-03T01:53:10.943Z] GET /api/v1/comunidad/foros
[2026-08-03T01:53:10.945Z] GET /api/v1/comunidad/articulos
[2026-08-03T01:53:10.952Z] GET /api/v1/comunidad/foros
[2026-08-03T01:53:10.955Z] GET /api/v1/comunidad/articulos
[2026-08-03T01:53:12.607Z] OPTIONS /api/v1/comunidad/foros/fd0238b1-9471-46b9-9515-1c51979280ff
[2026-08-03T01:53:12.609Z] OPTIONS /api/v1/comunidad/foros/fd0238b1-9471-46b9-9515-1c51979280ff
[2026-08-03T01:53:12.612Z] GET /api/v1/comunidad/foros/fd0238b1-9471-46b9-9515-1c51979280ff
[2026-08-03T01:53:12.617Z] GET /api/v1/comunidad/foros/fd0238b1-9471-46b9-9515-1c51979280ff
[2026-08-03T01:56:29.558Z] OPTIONS /api/v1/admin/usuarios
[2026-08-03T01:56:29.562Z] OPTIONS /api/v1/admin/usuarios
[2026-08-03T01:56:29.565Z] GET /api/v1/admin/usuarios
[2026-08-03T01:56:29.598Z] GET /api/v1/admin/usuarios
[2026-08-03T01:56:29.603Z] OPTIONS /api/v1/admin/usuarios/stats
[2026-08-03T01:56:29.606Z] GET /api/v1/admin/usuarios/stats
[2026-08-03T01:56:29.615Z] GET /api/v1/admin/usuarios/stats
[2026-08-03T01:58:18.306Z] OPTIONS /api/v1/comunidad/foros
[2026-08-03T01:58:18.314Z] OPTIONS /api/v1/comunidad/articulos
[2026-08-03T01:58:18.315Z] OPTIONS /api/v1/comunidad/foros
[2026-08-03T01:58:18.317Z] OPTIONS /api/v1/comunidad/articulos
[2026-08-03T01:58:18.318Z] GET /api/v1/comunidad/foros
[2026-08-03T01:58:18.324Z] GET /api/v1/comunidad/articulos
[2026-08-03T01:58:18.369Z] GET /api/v1/comunidad/articulos
[2026-08-03T01:58:18.372Z] GET /api/v1/comunidad/foros
[2026-08-03T01:58:26.293Z] OPTIONS /api/v1/comunidad/foros
[2026-08-03T01:58:26.297Z] OPTIONS /api/v1/comunidad/articulos
[2026-08-03T01:58:26.299Z] OPTIONS /api/v1/comunidad/foros
[2026-08-03T01:58:26.300Z] OPTIONS /api/v1/comunidad/articulos
[2026-08-03T01:58:26.302Z] GET /api/v1/comunidad/foros
[2026-08-03T01:58:26.304Z] GET /api/v1/comunidad/articulos
[2026-08-03T01:58:26.308Z] GET /api/v1/comunidad/foros
[2026-08-03T01:58:26.311Z] GET /api/v1/comunidad/articulos
[2026-08-03T02:01:38.653Z] OPTIONS /api/v1/admin/usuarios
[2026-08-03T02:01:38.660Z] GET /api/v1/admin/usuarios
[2026-08-03T02:01:38.712Z] OPTIONS /api/v1/admin/usuarios/stats
[2026-08-03T02:01:38.715Z] GET /api/v1/admin/usuarios/stats
[2026-08-03T02:02:24.880Z] OPTIONS /api/v1/admin/administradores
[2026-08-03T02:02:24.882Z] OPTIONS /api/v1/admin/administradores
[2026-08-03T02:02:24.884Z] GET /api/v1/admin/administradores
[2026-08-03T02:02:24.916Z] GET /api/v1/admin/administradores
[2026-08-03T02:02:24.919Z] OPTIONS /api/v1/admin/administradores/stats
[2026-08-03T02:02:24.922Z] GET /api/v1/admin/administradores/stats
[2026-08-03T02:02:24.956Z] GET /api/v1/admin/administradores/stats
[2026-08-03T02:02:25.701Z] OPTIONS /api/v1/admin/usuarios
[2026-08-03T02:02:25.703Z] OPTIONS /api/v1/admin/usuarios
[2026-08-03T02:02:25.705Z] GET /api/v1/admin/usuarios
[2026-08-03T02:02:25.718Z] GET /api/v1/admin/usuarios
[2026-08-03T02:02:25.720Z] OPTIONS /api/v1/admin/usuarios/stats
[2026-08-03T02:02:25.724Z] GET /api/v1/admin/usuarios/stats
[2026-08-03T02:02:25.744Z] GET /api/v1/admin/usuarios/stats
[2026-08-03T02:02:28.881Z] OPTIONS /api/v1/admin/usuarios/f365c15a-d554-4b7f-96c6-490cd3313907/impersonate
[2026-08-03T02:02:28.883Z] POST /api/v1/admin/usuarios/f365c15a-d554-4b7f-96c6-490cd3313907/impersonate
[2026-08-03T02:02:29.319Z] OPTIONS /api/v1/home/f69ada2a-545a-4839-9d1b-97577dc1b9b3
[2026-08-03T02:02:29.321Z] OPTIONS /api/v1/home/f69ada2a-545a-4839-9d1b-97577dc1b9b3
[2026-08-03T02:02:29.327Z] GET /api/v1/home/f69ada2a-545a-4839-9d1b-97577dc1b9b3
[2026-08-03T02:02:29.359Z] GET /api/v1/home/f69ada2a-545a-4839-9d1b-97577dc1b9b3
[2026-08-03T02:02:33.013Z] GET /api/v1/home/f69ada2a-545a-4839-9d1b-97577dc1b9b3
[2026-08-03T02:02:33.029Z] GET /api/v1/home/f69ada2a-545a-4839-9d1b-97577dc1b9b3
[2026-08-03T02:02:54.561Z] OPTIONS /api/v1/admin/usuarios/012ef7c4-72a0-4a1a-b2e4-fed29ffa0d09/impersonate
[2026-08-03T02:02:54.564Z] POST /api/v1/admin/usuarios/012ef7c4-72a0-4a1a-b2e4-fed29ffa0d09/impersonate
[2026-08-03T02:02:54.824Z] OPTIONS /api/v1/home/f69ada2a-545a-4839-9d1b-97577dc1b9b3
[2026-08-03T02:02:54.826Z] OPTIONS /api/v1/home/f69ada2a-545a-4839-9d1b-97577dc1b9b3
[2026-08-03T02:02:54.833Z] GET /api/v1/home/f69ada2a-545a-4839-9d1b-97577dc1b9b3
[2026-08-03T02:02:54.859Z] GET /api/v1/home/f69ada2a-545a-4839-9d1b-97577dc1b9b3
[2026-08-03T02:03:50.563Z] OPTIONS /api/v1/admin/usuarios
[2026-08-03T02:03:50.574Z] GET /api/v1/admin/usuarios
[2026-08-03T02:03:50.642Z] OPTIONS /api/v1/admin/usuarios/stats
[2026-08-03T02:03:50.646Z] GET /api/v1/admin/usuarios/stats
[2026-08-03T02:04:16.387Z] OPTIONS /api/v1/admin/usuarios/f365c15a-d554-4b7f-96c6-490cd3313907/impersonate
[2026-08-03T02:04:16.390Z] POST /api/v1/admin/usuarios/f365c15a-d554-4b7f-96c6-490cd3313907/impersonate
[2026-08-03T02:04:16.680Z] OPTIONS /api/profiles/babies
[2026-08-03T02:04:16.684Z] OPTIONS /api/v1/directorio/previsiones
[2026-08-03T02:04:16.686Z] OPTIONS /api/profiles/babies
[2026-08-03T02:04:16.690Z] OPTIONS /api/v1/directorio/previsiones
[2026-08-03T02:04:16.691Z] GET /api/profiles/babies
[2026-08-03T02:04:16.694Z] GET /api/v1/directorio/previsiones
[2026-08-03T02:04:16.704Z] GET /api/profiles/babies
[2026-08-03T02:04:16.729Z] GET /api/v1/directorio/previsiones
[2026-08-03T02:04:21.489Z] OPTIONS /api/v1/admin/usuarios/012ef7c4-72a0-4a1a-b2e4-fed29ffa0d09/impersonate
[2026-08-03T02:04:21.540Z] POST /api/v1/admin/usuarios/012ef7c4-72a0-4a1a-b2e4-fed29ffa0d09/impersonate
[2026-08-03T02:04:26.168Z] OPTIONS /api/profiles/babies
[2026-08-03T02:04:26.194Z] OPTIONS /api/v1/directorio/previsiones
[2026-08-03T02:04:26.214Z] OPTIONS /api/profiles/babies
[2026-08-03T02:04:26.239Z] GET /api/profiles/babies
[2026-08-03T02:04:26.259Z] OPTIONS /api/v1/directorio/previsiones
[2026-08-03T02:04:26.276Z] GET /api/v1/directorio/previsiones
[2026-08-03T02:04:26.348Z] GET /api/profiles/babies
[2026-08-03T02:04:26.363Z] GET /api/v1/directorio/previsiones
[2026-08-03T02:04:31.095Z] OPTIONS /api/v1/admin/usuarios/012ef7c4-72a0-4a1a-b2e4-fed29ffa0d09/impersonate
[2026-08-03T02:04:31.101Z] POST /api/v1/admin/usuarios/012ef7c4-72a0-4a1a-b2e4-fed29ffa0d09/impersonate
[2026-08-03T02:04:31.578Z] OPTIONS /api/profiles/babies
[2026-08-03T02:04:31.581Z] OPTIONS /api/v1/directorio/previsiones
[2026-08-03T02:04:31.591Z] OPTIONS /api/profiles/babies
[2026-08-03T02:04:31.594Z] OPTIONS /api/v1/directorio/previsiones
[2026-08-03T02:04:31.599Z] GET /api/profiles/babies
[2026-08-03T02:04:31.604Z] GET /api/v1/directorio/previsiones
[2026-08-03T02:04:31.619Z] GET /api/profiles/babies
[2026-08-03T02:04:31.625Z] GET /api/v1/directorio/previsiones
[2026-08-03T02:04:34.805Z] OPTIONS /api/v1/home/c3e99743-0538-4d25-8f9a-ad62792d81e3
[2026-08-03T02:04:34.814Z] OPTIONS /api/v1/home/c3e99743-0538-4d25-8f9a-ad62792d81e3
[2026-08-03T02:04:34.825Z] GET /api/v1/home/c3e99743-0538-4d25-8f9a-ad62792d81e3
[2026-08-03T02:04:34.863Z] GET /api/v1/home/c3e99743-0538-4d25-8f9a-ad62792d81e3
[2026-08-03T02:04:49.986Z] OPTIONS /api/v1/admin/usuarios/0c10d509-9975-4ae0-8eb0-59f43e91ff01/impersonate
[2026-08-03T02:04:49.990Z] POST /api/v1/admin/usuarios/0c10d509-9975-4ae0-8eb0-59f43e91ff01/impersonate
[2026-08-03T02:04:50.413Z] OPTIONS /api/profiles/babies
[2026-08-03T02:04:50.415Z] OPTIONS /api/v1/directorio/previsiones
[2026-08-03T02:04:50.417Z] OPTIONS /api/profiles/babies
[2026-08-03T02:04:50.419Z] OPTIONS /api/v1/directorio/previsiones
[2026-08-03T02:04:50.421Z] GET /api/profiles/babies
[2026-08-03T02:04:50.424Z] GET /api/v1/directorio/previsiones
[2026-08-03T02:04:50.434Z] GET /api/profiles/babies
[2026-08-03T02:04:50.477Z] GET /api/v1/directorio/previsiones
[2026-08-03T02:04:52.143Z] OPTIONS /api/v1/home/47a92f86-8f51-40a7-812c-47d91c70dd98
[2026-08-03T02:04:52.146Z] OPTIONS /api/v1/home/47a92f86-8f51-40a7-812c-47d91c70dd98
[2026-08-03T02:04:52.152Z] GET /api/v1/home/47a92f86-8f51-40a7-812c-47d91c70dd98
[2026-08-03T02:04:52.186Z] GET /api/v1/home/47a92f86-8f51-40a7-812c-47d91c70dd98
[2026-08-03T02:05:31.500Z] OPTIONS /api/v1/admin/administradores
[2026-08-03T02:05:31.508Z] OPTIONS /api/v1/admin/administradores
[2026-08-03T02:05:31.514Z] GET /api/v1/admin/administradores
[2026-08-03T02:05:31.585Z] GET /api/v1/admin/administradores
[2026-08-03T02:05:31.592Z] OPTIONS /api/v1/admin/administradores/stats
[2026-08-03T02:05:31.600Z] GET /api/v1/admin/administradores/stats
[2026-08-03T02:05:31.629Z] GET /api/v1/admin/administradores/stats
[2026-08-03T02:06:56.988Z] OPTIONS /api/auth/register
[2026-08-03T02:06:56.993Z] POST /api/auth/register
[2026-08-03T02:06:57.603Z] OPTIONS /api/profiles/babies
[2026-08-03T02:06:57.606Z] POST /api/profiles/babies
[2026-08-10T13:06:13.877Z] OPTIONS /api/auth/login
[2026-08-10T13:06:13.903Z] POST /api/auth/login
[2026-08-10T13:06:14.920Z] OPTIONS /api/profiles/babies
[2026-08-10T13:06:14.930Z] OPTIONS /api/v1/directorio/previsiones
[2026-08-10T13:06:14.934Z] OPTIONS /api/profiles/babies
[2026-08-10T13:06:14.937Z] OPTIONS /api/v1/directorio/previsiones
[2026-08-10T13:06:14.941Z] GET /api/profiles/babies
[2026-08-10T13:06:14.951Z] GET /api/v1/directorio/previsiones
[2026-08-10T13:06:14.978Z] GET /api/profiles/babies
[2026-08-10T13:06:15.115Z] GET /api/v1/directorio/previsiones
[2026-08-10T13:06:16.595Z] OPTIONS /api/v1/home/f69ada2a-545a-4839-9d1b-97577dc1b9b3
[2026-08-10T13:06:16.599Z] OPTIONS /api/v1/home/f69ada2a-545a-4839-9d1b-97577dc1b9b3
[2026-08-10T13:06:16.603Z] GET /api/v1/home/f69ada2a-545a-4839-9d1b-97577dc1b9b3
[2026-08-10T13:06:16.686Z] GET /api/v1/home/f69ada2a-545a-4839-9d1b-97577dc1b9b3
[2026-08-10T13:06:23.822Z] OPTIONS /api/v1/comunidad/foros
[2026-08-10T13:06:23.830Z] OPTIONS /api/v1/comunidad/articulos
[2026-08-10T13:06:23.834Z] GET /api/v1/comunidad/foros
[2026-08-10T13:06:23.841Z] OPTIONS /api/v1/comunidad/articulos
[2026-08-10T13:06:23.855Z] GET /api/v1/comunidad/articulos
[2026-08-10T13:06:23.875Z] GET /api/v1/comunidad/articulos
[2026-08-10T13:06:23.890Z] GET /api/v1/comunidad/foros
[2026-08-10T13:06:28.024Z] OPTIONS /api/v1/comunidad/foros/fd0238b1-9471-46b9-9515-1c51979280ff
[2026-08-10T13:06:28.028Z] OPTIONS /api/v1/comunidad/foros/fd0238b1-9471-46b9-9515-1c51979280ff
[2026-08-10T13:06:28.031Z] GET /api/v1/comunidad/foros/fd0238b1-9471-46b9-9515-1c51979280ff
[2026-08-10T13:06:28.055Z] GET /api/v1/comunidad/foros/fd0238b1-9471-46b9-9515-1c51979280ff
[2026-08-10T13:12:50.670Z] OPTIONS /api/v1/comunidad/foros
[2026-08-10T13:12:50.689Z] GET /api/v1/comunidad/foros
[2026-08-10T13:12:50.709Z] OPTIONS /api/v1/comunidad/articulos
[2026-08-10T13:12:50.711Z] OPTIONS /api/v1/comunidad/foros
[2026-08-10T13:12:50.717Z] OPTIONS /api/v1/comunidad/articulos
[2026-08-10T13:12:50.723Z] GET /api/v1/comunidad/articulos
[2026-08-10T13:12:50.907Z] GET /api/v1/comunidad/articulos
[2026-08-10T13:12:50.915Z] GET /api/v1/comunidad/foros
[2026-08-10T14:22:29.662Z] OPTIONS /api/v1/comunidad/foros
[2026-08-10T14:22:29.717Z] GET /api/v1/comunidad/foros
[2026-08-10T14:22:29.820Z] OPTIONS /api/v1/comunidad/articulos
[2026-08-10T14:22:29.824Z] OPTIONS /api/v1/comunidad/foros
[2026-08-10T14:22:29.827Z] OPTIONS /api/v1/comunidad/articulos
[2026-08-10T14:22:29.830Z] GET /api/v1/comunidad/articulos
-> RESPONSE ERROR: 500
[2026-08-10T14:22:31.696Z] GET /api/v1/comunidad/foros
[2026-08-10T14:22:31.712Z] GET /api/v1/comunidad/articulos
-> RESPONSE ERROR: 500
